BL51 BANKED LINKER/LOCATER V6.22.2.0                                                    07/02/2022  17:38:10  PAGE 1


BL51 BANKED LINKER/LOCATER V6.22.2.0, INVOKED BY:
C:\KEIL_V5\C51\BIN\BL51.EXE .\OutPut\main.obj, .\OutPut\STARTUP.obj, .\OutPut\keyAction.obj, .\OutPut\keyBoard.obj, .\Ou
>> tPut\LCD12864.obj, .\OutPut\timeN.obj, .\OutPut\interface.obj, .\OutPut\OS_CORE.obj, .\OutPut\OS_CPU_C.obj, .\OutPut\
>> OS_MBOX.obj, .\OutPut\OS_MEM.obj, .\OutPut\OS_Q.obj, .\OutPut\OS_SEM.obj, .\OutPut\OS_TASK.obj, .\OutPut\OS_TIME.obj,
>>  .\OutPut\OS_CPU_A.obj TO .\OutPut\uCOS-II PRINT (.\OutPut\uCOS-II.m51) RAMSIZE (256)




PROGRAM RECURSIONS REMOVED FROM CALL TREE
=========================================
+--> ?PR?KEYDRIVER?KEYBOARD
|  | ?PR?_KEYACTION?KEYACTION
|  | ?PR?ENTERGAME?KEYACTION
<--+ ?PR?GAMEINTERFACE?INTERFACE



MEMORY MODEL: LARGE


INPUT MODULES INCLUDED:
  .\OutPut\main.obj (MAIN)
  .\OutPut\STARTUP.obj (?C_STARTUP)
  .\OutPut\keyAction.obj (KEYACTION)
  .\OutPut\keyBoard.obj (KEYBOARD)
  .\OutPut\LCD12864.obj (LCD12864)
  .\OutPut\timeN.obj (TIMEN)
  .\OutPut\interface.obj (INTERFACE)
  .\OutPut\OS_CORE.obj (OS_CORE)
  .\OutPut\OS_CPU_C.obj (OS_CPU_C)
  .\OutPut\OS_MBOX.obj (OS_MBOX)
  .\OutPut\OS_MEM.obj (OS_MEM)
  .\OutPut\OS_Q.obj (OS_Q)
  .\OutPut\OS_SEM.obj (OS_SEM)
  .\OutPut\OS_TASK.obj (OS_TASK)
  .\OutPut\OS_TIME.obj (OS_TIME)
  .\OutPut\OS_CPU_A.obj (OS_CPU_A)
  C:\KEIL_V5\C51\LIB\C51L.LIB (?C_INIT)
  C:\KEIL_V5\C51\LIB\C51L.LIB (?C?COPY)
  C:\KEIL_V5\C51\LIB\C51L.LIB (?C?CLDPTR)
  C:\KEIL_V5\C51\LIB\C51L.LIB (?C?CLDOPTR)
  C:\KEIL_V5\C51\LIB\C51L.LIB (?C?CSTPTR)
  C:\KEIL_V5\C51\LIB\C51L.LIB (?C?CSTOPTR)
  C:\KEIL_V5\C51\LIB\C51L.LIB (?C?IILDX)
  C:\KEIL_V5\C51\LIB\C51L.LIB (?C?ILDIX)
  C:\KEIL_V5\C51\LIB\C51L.LIB (?C?ILDOPTR)
  C:\KEIL_V5\C51\LIB\C51L.LIB (?C?IILDOPTR)
  C:\KEIL_V5\C51\LIB\C51L.LIB (?C?ISTOPTR)
  C:\KEIL_V5\C51\LIB\C51L.LIB (?C?LMUL)
  C:\KEIL_V5\C51\LIB\C51L.LIB (?C?ULDIV)
  C:\KEIL_V5\C51\LIB\C51L.LIB (?C?ULSHR)
  C:\KEIL_V5\C51\LIB\C51L.LIB (?C?LLDIDATA)
  C:\KEIL_V5\C51\LIB\C51L.LIB (?C?LLDXDATA)
  C:\KEIL_V5\C51\LIB\C51L.LIB (?C?LLDXDATA0)
  C:\KEIL_V5\C51\LIB\C51L.LIB (?C?LSTIDATA)
  C:\KEIL_V5\C51\LIB\C51L.LIB (?C?LSTXDATA)
  C:\KEIL_V5\C51\LIB\C51L.LIB (?C?LSTKIDATA)
BL51 BANKED LINKER/LOCATER V6.22.2.0                                                  07/02/2022  17:38:10  PAGE 2


  C:\KEIL_V5\C51\LIB\C51L.LIB (?C?LSTKXDATA)
  C:\KEIL_V5\C51\LIB\C51L.LIB (?C?PLDIDATA)
  C:\KEIL_V5\C51\LIB\C51L.LIB (?C?PSTIDATA)
  C:\KEIL_V5\C51\LIB\C51L.LIB (?C?PLDXDATA)
  C:\KEIL_V5\C51\LIB\C51L.LIB (?C?PLDIXDATA)
  C:\KEIL_V5\C51\LIB\C51L.LIB (?C?PSTXDATA)
  C:\KEIL_V5\C51\LIB\C51L.LIB (?C?PSTPTR)
  C:\KEIL_V5\C51\LIB\C51L.LIB (?C?PLDOPTR)
  C:\KEIL_V5\C51\LIB\C51L.LIB (?C?PSTOPTR)
  C:\KEIL_V5\C51\LIB\C51L.LIB (?C?CCASE)
  C:\KEIL_V5\C51\LIB\C51L.LIB (?C_XBP)
  C:\KEIL_V5\C51\LIB\C51L.LIB (?C?ADDXBP)
  C:\KEIL_V5\C51\LIB\C51L.LIB (?C?XBPOFF)
  C:\KEIL_V5\C51\LIB\C51L.LIB (PRINTF)
  C:\KEIL_V5\C51\LIB\C51L.LIB (?C?PLDPDATA)
  C:\KEIL_V5\C51\LIB\C51L.LIB (?C?PSTPDATA)
  C:\KEIL_V5\C51\LIB\C51L.LIB (?C?PLDCODE)
  C:\KEIL_V5\C51\LIB\C51L.LIB (PUTCHAR)


LINK MAP OF MODULE:  .\OutPut\uCOS-II (MAIN)


            TYPE    BASE      LENGTH    RELOCATION   SEGMENT NAME
            -----------------------------------------------------

            * * * * * * *   D A T A   M E M O R Y   * * * * * * *
            REG     0000H     0008H     ABSOLUTE     "REG BANK 0"
            DATA    0008H     000AH     UNIT         _DATA_GROUP_
            DATA    0012H     0002H     UNIT         ?C?LIB_DATA
                    0014H     000CH                  *** GAP ***
            BIT     0020H.0   0002H.2   UNIT         _BIT_GROUP_
                    0022H.2   0000H.6                *** GAP ***
            IDATA   0023H     002EH     UNIT         ?ID?OS_CORE
            IDATA   0051H     0031H     UNIT         ?STACK

            * * * * * * *  X D A T A   M E M O R Y  * * * * * * *
            XDATA   0000H     00FCH     UNIT         ?XD?OS_CORE
            XDATA   00FCH     00C4H     UNIT         ?XD?MAIN
            XDATA   01C0H     0063H     UNIT         ?XD?INTERFACE
            XDATA   0223H     0063H     UNIT         _XDATA_GROUP_
            XDATA   0286H     0033H     UNIT         ?XD?KEYACTION
            XDATA   02B9H     0031H     UNIT         ?XD?KEYBOARD
            XDATA   02EAH     0008H     UNIT         ?XD?TIMEN
            XDATA   02F2H     0002H     UNIT         ?XD?LCD12864

            * * * * * * *   C O D E   M E M O R Y   * * * * * * *
            CODE    0000H     0003H     ABSOLUTE     
            CODE    0003H     0006H     UNIT         ?PR?X_UP?KEYACTION
            CODE    0009H     0001H     UNIT         ?PR?_?OSINITHOOKBEGIN?OS_CPU_C
            CODE    000AH     0001H     UNIT         ?PR?_?OSINITHOOKEND?OS_CPU_C
            CODE    000BH     0003H     ABSOLUTE     
            CODE    000EH     000AH     UNIT         ?CO?TIMEN
            CODE    0018H     0003H     UNIT         ?PR?ENTERCMP?KEYACTION
            CODE    001BH     0003H     ABSOLUTE     
            CODE    001EH     0005H     UNIT         ?CO?KEYACTION
            CODE    0023H     0003H     ABSOLUTE     
BL51 BANKED LINKER/LOCATER V6.22.2.0                                                  07/02/2022  17:38:10  PAGE 3


            CODE    0026H     003BH     UNIT         ?PR?_?OS_TASKIDLE?OS_CORE
            CODE    0061H     0001H     UNIT         ?PR?_?OSTASKSWHOOK?OS_CPU_C
            CODE    0062H     0001H     UNIT         ?PR?_?OSTIMETICKHOOK?OS_CPU_C
            CODE    0063H     0003H     ABSOLUTE     
            CODE    0066H     058CH     UNIT         ?C?LIB_CODE
            CODE    05F2H     04BAH     UNIT         ?CO?INTERFACE
            CODE    0AACH     0365H     UNIT         ?PR?PRINTF?PRINTF
            CODE    0E11H     0291H     UNIT         ?PR?_FUN?INTERFACE
            CODE    10A2H     0212H     UNIT         ?PR?_?OS_TCBINIT?OS_CORE
            CODE    12B4H     01DCH     UNIT         ?PR?_?OSTASKSTKINIT?OS_CPU_C
            CODE    1490H     01B1H     UNIT         ?PR?_?OSINIT?OS_CORE
            CODE    1641H     01A7H     UNIT         ?PR?SHOW_MAP?INTERFACE
            CODE    17E8H     01A3H     UNIT         ?PR?_JUDGE?INTERFACE
            CODE    198BH     017EH     UNIT         ?PR?_UPDATE?INTERFACE
            CODE    1B09H     013FH     UNIT         ?PR?KEYSCANNER?KEYBOARD
            CODE    1C48H     0135H     UNIT         ?PR?_DISPLAY_BMP?INTERFACE
            CODE    1D7DH     011EH     UNIT         ?PR?_?OSTASKCREATE?OS_TASK
            CODE    1E9BH     0108H     UNIT         ?CO?OS_CORE
            CODE    1FA3H     00E7H     UNIT         ?PR?GAMEINTERFACE?INTERFACE
            CODE    208AH     00D2H     UNIT         ?PR?KEYDRIVER?KEYBOARD
            CODE    215CH     00C7H     UNIT         ?PR?_?OSTIMETICK?OS_CORE
            CODE    2223H     00A8H     UNIT         ?PR?MAIN?MAIN
            CODE    22CBH     00A7H     UNIT         ?PR?_KEYACTION?KEYACTION
            CODE    2372H     0098H     UNIT         ?C_INITSEG
            CODE    240AH     008CH     UNIT         ?C_C51STARTUP
            CODE    2496H     0088H     UNIT         ?PR?DISPLAY?TIMEN
            CODE    251EH     0082H     UNIT         ?PR?STUDENTINTERFACE?INTERFACE
            CODE    25A0H     0078H     UNIT         ?PR?IMG_CLEAR?LCD12864
            CODE    2618H     0076H     UNIT         ?PR?_?OS_SCHED?OS_CORE
            CODE    268EH     0074H     UNIT         ?PR?_IMG_DISP?LCD12864
            CODE    2702H     0074H     UNIT         ?PR?_?OSTIMEDLY?OS_TIME
            CODE    2776H     0070H     UNIT         ?PR?_?OSINTEXIT?OS_CORE
            CODE    27E6H     006FH     UNIT         ?PR?_CONFIGURETIMER1?TIMEN
            CODE    2855H     0066H     UNIT         ?PR?OSCTXSW?OS_CPU_A
            CODE    28BBH     0062H     UNIT         ?PR?TIMERCOUNTER_2?TIMEN
            CODE    291DH     0062H     UNIT         ?PR?_?OSSTART?OS_CORE
            CODE    297FH     005FH     UNIT         ?PR?LCD_INIT?INTERFACE
            CODE    29DEH     005EH     UNIT         ?PR?IMG_LINE_START1?LCD12864
            CODE    2A3CH     005CH     UNIT         ?PR?_LCD12864WRITEDATA?LCD12864
            CODE    2A98H     005AH     UNIT         ?PR?IMG_LINE_START2?LCD12864
            CODE    2AF2H     0058H     UNIT         ?PR?OSTICKISR?OS_CPU_A
            CODE    2B4AH     0052H     UNIT         ?PR?OSSTARTHIGHRDY?OS_CPU_A
            CODE    2B9CH     0052H     UNIT         ?PR?_?SERIAL?OS_CPU_A
            CODE    2BEEH     0051H     UNIT         ?PR?TOSTOP?KEYACTION
            CODE    2C3FH     0045H     UNIT         ?PR?TIMERCOUNTER_1?TIMEN
            CODE    2C84H     0041H     UNIT         ?PR?IMG_DELE_LINE_START2?LCD12864
            CODE    2CC5H     002EH     UNIT         ?PR?_?LCD12864TASK?MAIN
            CODE    2CF3H     002EH     UNIT         ?PR?STOPTOGO?KEYACTION
            CODE    2D21H     002DH     UNIT         ?PR?_LCD12864WRITECOMMAND?LCD12864
            CODE    2D4EH     002CH     UNIT         ?PR?IMG_DELE_LINE_START1?LCD12864
            CODE    2D7AH     002AH     UNIT         ?PR?_?GAMETASK?MAIN
            CODE    2DA4H     002AH     UNIT         ?PR?ENTERGAME?KEYACTION
            CODE    2DCEH     002AH     UNIT         ?PR?_LCD12864SETCURSOR?LCD12864
            CODE    2DF8H     0028H     UNIT         ?PR?_?LEDTASK?MAIN
            CODE    2E20H     0028H     UNIT         ?PR?_LCD12864SHOWSTRING?LCD12864
            CODE    2E48H     0028H     UNIT         ?PR?SHOW_HANZI?INTERFACE
            CODE    2E70H     0027H     UNIT         ?PR?PUTCHAR?PUTCHAR
BL51 BANKED LINKER/LOCATER V6.22.2.0                                                  07/02/2022  17:38:10  PAGE 4


            CODE    2E97H     0021H     UNIT         ?PR?_?OSTASKCREATEHOOK?OS_CPU_C
            CODE    2EB8H     0021H     UNIT         ?PR?_?OSTCBINITHOOK?OS_CPU_C
            CODE    2ED9H     001FH     UNIT         ?PR?R_RIGHT?INTERFACE
            CODE    2EF8H     001EH     UNIT         ?PR?R_UP?INTERFACE
            CODE    2F16H     001DH     UNIT         ?PR?DOWN?KEYACTION
            CODE    2F33H     001CH     UNIT         ?PR?_STARTUNDERLINE?LCD12864
            CODE    2F4FH     001AH     UNIT         ?PR?UP?KEYACTION
            CODE    2F69H     0017H     UNIT         ?PR?CONFIGURETIMER2?TIMEN
            CODE    2F80H     0017H     UNIT         ?PR?STARTINTERFACE?INTERFACE
            CODE    2F97H     0016H     UNIT         ?PR?IO_INIT?LCD12864
            CODE    2FADH     0014H     UNIT         ?PR?ESC?KEYACTION
            CODE    2FC1H     0014H     UNIT         ?PR?INITLCD12864?LCD12864
            CODE    2FD5H     0014H     UNIT         ?PR?INIT_BMP?INTERFACE
            CODE    2FE9H     0012H     UNIT         ?PR?GLEDFLASH?KEYACTION
            CODE    2FFBH     0012H     UNIT         ?PR?LCD12864WAITREADY?LCD12864
            CODE    300DH     0011H     UNIT         ?PR?_LCD12864ERASEAREA?LCD12864
            CODE    301EH     0010H     UNIT         ?CO?KEYBOARD
            CODE    302EH     000FH     UNIT         ?PR?STETIME?KEYACTION
            CODE    303DH     000FH     UNIT         ?PR?R_DOWN?INTERFACE
            CODE    304CH     000FH     UNIT         ?PR?R_LEFT?INTERFACE
            CODE    305BH     000EH     UNIT         ?PR?_?OSINTENTER?OS_CORE
            CODE    3069H     000AH     UNIT         ?PR?OSINTCTXSW?OS_CPU_A
            CODE    3073H     0009H     UNIT         ?PR?RE?KEYACTION
            CODE    307CH     0009H     UNIT         ?PR?_?CONFIGURETIMER0?TIMEN
            CODE    3085H     0006H     UNIT         ?PR?X_DOWN?KEYACTION
            CODE    308BH     0006H     UNIT         ?PR?LEFT?KEYACTION
            CODE    3091H     0006H     UNIT         ?PR?RIGHT?KEYACTION
            CODE    3097H     0005H     UNIT         ?PR?LCD12864ERASEALL?LCD12864
            CODE    309CH     0001H     UNIT         ?PR?_?OSTASKIDLEHOOK?OS_CPU_C



OVERLAY MAP OF MODULE:   .\OutPut\uCOS-II (MAIN)


SEGMENT                                       BIT_GROUP          DATA_GROUP          XDATA_GROUP
  +--> CALLED SEGMENT                      START    LENGTH     START    LENGTH     START    LENGTH
--------------------------------------------------------------------------------------------------
?C_C51STARTUP                              -----    -----      -----    -----      -----    -----
  +--> ?PR?MAIN?MAIN
  +--> ?C_INITSEG

?PR?MAIN?MAIN                              -----    -----      -----    -----      -----    -----
  +--> ?PR?IO_INIT?LCD12864
  +--> ?PR?INITLCD12864?LCD12864
  +--> ?PR?_CONFIGURETIMER1?TIMEN
  +--> ?PR?CONFIGURETIMER2?TIMEN
  +--> ?PR?_?OSINIT?OS_CORE
  +--> ?PR?_?CONFIGURETIMER0?TIMEN
  +--> ?PR?_?LEDTASK?MAIN
  +--> ?PR?_?OSTASKCREATE?OS_TASK
  +--> ?PR?_?LCD12864TASK?MAIN
  +--> ?PR?_?GAMETASK?MAIN
  +--> ?PR?_?OSSTART?OS_CORE

?PR?INITLCD12864?LCD12864                  -----    -----      -----    -----      -----    -----
  +--> ?PR?_LCD12864WRITECOMMAND?LCD12864
BL51 BANKED LINKER/LOCATER V6.22.2.0                                                  07/02/2022  17:38:10  PAGE 5



?PR?_LCD12864WRITECOMMAND?LCD12864         -----    -----      -----    -----      -----    -----
  +--> ?PR?LCD12864WAITREADY?LCD12864

?PR?_CONFIGURETIMER1?TIMEN                 -----    -----      -----    -----      0223H    0004H

?PR?_?OSINIT?OS_CORE                       -----    -----      -----    -----      -----    -----
  +--> ?PR?_?OSINITHOOKBEGIN?OS_CPU_C
  +--> ?PR?_?OS_TASKIDLE?OS_CORE
  +--> ?PR?_?OSTASKCREATE?OS_TASK
  +--> ?PR?_?OSINITHOOKEND?OS_CPU_C

?PR?_?OS_TASKIDLE?OS_CORE                  -----    -----      -----    -----      -----    -----
  +--> ?PR?_?OSTASKIDLEHOOK?OS_CPU_C

?PR?_?OSTASKCREATE?OS_TASK                 -----    -----      -----    -----      -----    -----
  +--> ?PR?_?OSTASKSTKINIT?OS_CPU_C
  +--> ?PR?_?OS_TCBINIT?OS_CORE
  +--> ?PR?_?OS_SCHED?OS_CORE

?PR?_?OS_TCBINIT?OS_CORE                   -----    -----      -----    -----      -----    -----
  +--> ?CO?OS_CORE
  +--> ?PR?_?OSTCBINITHOOK?OS_CPU_C
  +--> ?PR?_?OSTASKCREATEHOOK?OS_CPU_C

?PR?_?OS_SCHED?OS_CORE                     -----    -----      -----    -----      -----    -----
  +--> ?CO?OS_CORE
  +--> ?PR?OSCTXSW?OS_CPU_A

?PR?OSCTXSW?OS_CPU_A                       -----    -----      -----    -----      -----    -----
  +--> ?PR?_?OSTASKSWHOOK?OS_CPU_C
  +--> ?PR?OSSTARTHIGHRDY?OS_CPU_A

?PR?OSSTARTHIGHRDY?OS_CPU_A                -----    -----      -----    -----      -----    -----
  +--> ?PR?_?OSTASKSWHOOK?OS_CPU_C

?PR?_?LEDTASK?MAIN                         -----    -----      -----    -----      -----    -----
  +--> ?PR?_?OSTIMEDLY?OS_TIME

?PR?_?OSTIMEDLY?OS_TIME                    -----    -----      -----    -----      -----    -----
  +--> ?PR?_?OS_SCHED?OS_CORE

?PR?_?LCD12864TASK?MAIN                    -----    -----      -----    -----      -----    -----
  +--> ?PR?STUDENTINTERFACE?INTERFACE
  +--> ?PR?_?OSTIMEDLY?OS_TIME

?PR?STUDENTINTERFACE?INTERFACE             -----    -----      -----    -----      0223H    0026H
  +--> ?CO?INTERFACE
  +--> ?PR?IMG_CLEAR?LCD12864
  +--> ?PR?_LCD12864SHOWSTRING?LCD12864

?PR?IMG_CLEAR?LCD12864                     -----    -----      -----    -----      -----    -----
  +--> ?PR?_LCD12864WRITECOMMAND?LCD12864
  +--> ?PR?_LCD12864WRITEDATA?LCD12864

?PR?_LCD12864WRITEDATA?LCD12864            -----    -----      -----    -----      -----    -----
  +--> ?PR?LCD12864WAITREADY?LCD12864
BL51 BANKED LINKER/LOCATER V6.22.2.0                                                  07/02/2022  17:38:10  PAGE 6



?PR?_LCD12864SHOWSTRING?LCD12864           -----    -----      -----    -----      025EH    0003H
  +--> ?PR?_LCD12864SETCURSOR?LCD12864
  +--> ?PR?_LCD12864WRITEDATA?LCD12864

?PR?_LCD12864SETCURSOR?LCD12864            -----    -----      -----    -----      -----    -----
  +--> ?PR?_LCD12864WRITECOMMAND?LCD12864

?PR?_?GAMETASK?MAIN                        -----    -----      -----    -----      -----    -----
  +--> ?PR?STARTINTERFACE?INTERFACE
  +--> ?PR?KEYDRIVER?KEYBOARD
  +--> ?PR?_?OSTIMEDLY?OS_TIME

?PR?STARTINTERFACE?INTERFACE               -----    -----      -----    -----      -----    -----
  +--> ?PR?IMG_CLEAR?LCD12864
  +--> ?CO?INTERFACE
  +--> ?PR?_IMG_DISP?LCD12864
  +--> ?PR?IMG_LINE_START1?LCD12864

?PR?_IMG_DISP?LCD12864                     -----    -----      -----    -----      -----    -----
  +--> ?PR?_LCD12864WRITECOMMAND?LCD12864
  +--> ?PR?_LCD12864WRITEDATA?LCD12864

?PR?IMG_LINE_START1?LCD12864               -----    -----      -----    -----      -----    -----
  +--> ?PR?_LCD12864WRITECOMMAND?LCD12864
  +--> ?PR?_LCD12864WRITEDATA?LCD12864

?PR?KEYDRIVER?KEYBOARD                     -----    -----      -----    -----      0223H    0002H
  +--> ?CO?KEYBOARD
  +--> ?PR?_KEYACTION?KEYACTION

?PR?_KEYACTION?KEYACTION                   -----    -----      -----    -----      0225H    0001H
  +--> ?PR?UP?KEYACTION
  +--> ?PR?DOWN?KEYACTION
  +--> ?PR?ENTERGAME?KEYACTION
  +--> ?PR?ESC?KEYACTION
  +--> ?PR?X_UP?KEYACTION
  +--> ?PR?TOSTOP?KEYACTION
  +--> ?PR?LEFT?KEYACTION
  +--> ?PR?ENTERCMP?KEYACTION
  +--> ?PR?RIGHT?KEYACTION
  +--> ?PR?RE?KEYACTION
  +--> ?PR?X_DOWN?KEYACTION
  +--> ?PR?STOPTOGO?KEYACTION

?PR?UP?KEYACTION                           -----    -----      -----    -----      -----    -----
  +--> ?PR?GLEDFLASH?KEYACTION
  +--> ?PR?_STARTUNDERLINE?LCD12864

?PR?_STARTUNDERLINE?LCD12864               -----    -----      -----    -----      0226H    0001H
  +--> ?PR?IMG_DELE_LINE_START1?LCD12864
  +--> ?PR?IMG_DELE_LINE_START2?LCD12864
  +--> ?PR?IMG_LINE_START1?LCD12864
  +--> ?PR?IMG_LINE_START2?LCD12864

?PR?IMG_DELE_LINE_START1?LCD12864          -----    -----      -----    -----      -----    -----
  +--> ?PR?_LCD12864WRITECOMMAND?LCD12864
BL51 BANKED LINKER/LOCATER V6.22.2.0                                                  07/02/2022  17:38:10  PAGE 7


  +--> ?PR?_LCD12864WRITEDATA?LCD12864

?PR?IMG_DELE_LINE_START2?LCD12864          -----    -----      -----    -----      -----    -----
  +--> ?PR?_LCD12864WRITECOMMAND?LCD12864
  +--> ?PR?_LCD12864WRITEDATA?LCD12864

?PR?IMG_LINE_START2?LCD12864               -----    -----      -----    -----      -----    -----
  +--> ?PR?_LCD12864WRITECOMMAND?LCD12864
  +--> ?PR?_LCD12864WRITEDATA?LCD12864

?PR?DOWN?KEYACTION                         -----    -----      -----    -----      -----    -----
  +--> ?PR?GLEDFLASH?KEYACTION
  +--> ?PR?_STARTUNDERLINE?LCD12864

?PR?ENTERGAME?KEYACTION                    -----    -----      -----    -----      -----    -----
  +--> ?PR?GLEDFLASH?KEYACTION
  +--> ?PR?GAMEINTERFACE?INTERFACE

?PR?GAMEINTERFACE?INTERFACE                -----    -----      -----    -----      0226H    0008H
  +--> ?PR?IMG_CLEAR?LCD12864
  +--> ?PR?LCD_INIT?INTERFACE
  +--> ?PR?SHOW_MAP?INTERFACE
  +--> ?PR?SHOW_HANZI?INTERFACE
  +--> ?PR?_LCD12864WRITECOMMAND?LCD12864
  +--> ?CO?INTERFACE
  +--> ?PR?PRINTF?PRINTF
  +--> ?PR?_LCD12864SHOWSTRING?LCD12864

?PR?LCD_INIT?INTERFACE                     -----    -----      -----    -----      -----    -----
  +--> ?PR?INIT_BMP?INTERFACE
  +--> ?CO?INTERFACE

?PR?INIT_BMP?INTERFACE                     -----    -----      -----    -----      -----    -----
  +--> ?PR?_LCD12864WRITECOMMAND?LCD12864

?PR?SHOW_MAP?INTERFACE                     -----    -----      -----    -----      022EH    0004H
  +--> ?PR?_DISPLAY_BMP?INTERFACE
  +--> ?PR?INITLCD12864?LCD12864
  +--> ?CO?INTERFACE
  +--> ?PR?_LCD12864SHOWSTRING?LCD12864

?PR?_DISPLAY_BMP?INTERFACE                 -----    -----      -----    -----      0232H    0007H
  +--> ?PR?_LCD12864WRITECOMMAND?LCD12864
  +--> ?CO?INTERFACE
  +--> ?PR?_LCD12864WRITEDATA?LCD12864

?PR?SHOW_HANZI?INTERFACE                   -----    -----      -----    -----      -----    -----
  +--> ?PR?_LCD12864WRITECOMMAND?LCD12864
  +--> ?PR?_LCD12864WRITEDATA?LCD12864

?PR?PRINTF?PRINTF                          0021H.1  0001H.1    000DH    0005H      025EH    0028H
  +--> ?PR?PUTCHAR?PUTCHAR

?PR?ESC?KEYACTION                          -----    -----      -----    -----      -----    -----
  +--> ?PR?GLEDFLASH?KEYACTION
  +--> ?PR?LCD12864ERASEALL?LCD12864
  +--> ?PR?STARTINTERFACE?INTERFACE
BL51 BANKED LINKER/LOCATER V6.22.2.0                                                  07/02/2022  17:38:10  PAGE 8



?PR?LCD12864ERASEALL?LCD12864              -----    -----      -----    -----      -----    -----
  +--> ?PR?_LCD12864WRITECOMMAND?LCD12864

?PR?X_UP?KEYACTION                         -----    -----      -----    -----      -----    -----
  +--> ?PR?GLEDFLASH?KEYACTION
  +--> ?PR?R_UP?INTERFACE

?PR?R_UP?INTERFACE                         -----    -----      -----    -----      -----    -----
  +--> ?PR?_JUDGE?INTERFACE
  +--> ?PR?_FUN?INTERFACE

?PR?_JUDGE?INTERFACE                       -----    -----      -----    -----      0226H    000CH

?PR?_FUN?INTERFACE                         -----    -----      -----    -----      0226H    0002H
  +--> ?CO?INTERFACE
  +--> ?PR?_UPDATE?INTERFACE

?PR?_UPDATE?INTERFACE                      -----    -----      -----    -----      0228H    0006H
  +--> ?PR?_LCD12864WRITECOMMAND?LCD12864
  +--> ?PR?_DISPLAY_BMP?INTERFACE

?PR?TOSTOP?KEYACTION                       -----    -----      -----    -----      0226H    0005H
  +--> ?CO?KEYACTION
  +--> ?PR?GLEDFLASH?KEYACTION
  +--> ?PR?_LCD12864WRITECOMMAND?LCD12864
  +--> ?PR?_LCD12864ERASEAREA?LCD12864
  +--> ?PR?_LCD12864SHOWSTRING?LCD12864

?PR?_LCD12864ERASEAREA?LCD12864            -----    -----      -----    -----      -----    -----
  +--> ?PR?_LCD12864SETCURSOR?LCD12864
  +--> ?PR?_LCD12864WRITEDATA?LCD12864

?PR?LEFT?KEYACTION                         -----    -----      -----    -----      -----    -----
  +--> ?PR?GLEDFLASH?KEYACTION
  +--> ?PR?R_LEFT?INTERFACE

?PR?R_LEFT?INTERFACE                       -----    -----      -----    -----      -----    -----
  +--> ?PR?_JUDGE?INTERFACE
  +--> ?PR?_FUN?INTERFACE

?PR?ENTERCMP?KEYACTION                     -----    -----      -----    -----      -----    -----
  +--> ?PR?GLEDFLASH?KEYACTION

?PR?RIGHT?KEYACTION                        -----    -----      -----    -----      -----    -----
  +--> ?PR?GLEDFLASH?KEYACTION
  +--> ?PR?R_RIGHT?INTERFACE

?PR?R_RIGHT?INTERFACE                      -----    -----      -----    -----      -----    -----
  +--> ?PR?_JUDGE?INTERFACE
  +--> ?PR?_FUN?INTERFACE

?PR?RE?KEYACTION                           -----    -----      -----    -----      -----    -----
  +--> ?PR?GLEDFLASH?KEYACTION
  +--> ?PR?ESC?KEYACTION
  +--> ?PR?ENTERGAME?KEYACTION

BL51 BANKED LINKER/LOCATER V6.22.2.0                                                  07/02/2022  17:38:10  PAGE 9


?PR?X_DOWN?KEYACTION                       -----    -----      -----    -----      -----    -----
  +--> ?PR?GLEDFLASH?KEYACTION
  +--> ?PR?R_DOWN?INTERFACE

?PR?R_DOWN?INTERFACE                       -----    -----      -----    -----      -----    -----
  +--> ?PR?_JUDGE?INTERFACE
  +--> ?PR?_FUN?INTERFACE

?PR?STOPTOGO?KEYACTION                     -----    -----      -----    -----      -----    -----
  +--> ?PR?_LCD12864WRITECOMMAND?LCD12864
  +--> ?PR?_LCD12864ERASEAREA?LCD12864

?PR?_?OSSTART?OS_CORE                      -----    -----      -----    -----      -----    -----
  +--> ?CO?OS_CORE
  +--> ?PR?OSSTARTHIGHRDY?OS_CPU_A

*** NEW ROOT ***************************************************

?PR?TIMERCOUNTER_1?TIMEN                   -----    -----      -----    -----      -----    -----
  +--> ?PR?KEYSCANNER?KEYBOARD

*** NEW ROOT ***************************************************

?PR?TIMERCOUNTER_2?TIMEN                   -----    -----      -----    -----      -----    -----
  +--> ?PR?DISPLAY?TIMEN

?PR?DISPLAY?TIMEN                          -----    -----      -----    -----      0256H    0008H
  +--> ?PR?_LCD12864WRITECOMMAND?LCD12864
  +--> ?CO?TIMEN
  +--> ?PR?PRINTF?PRINTF
  +--> ?PR?_LCD12864ERASEAREA?LCD12864
  +--> ?PR?_LCD12864SHOWSTRING?LCD12864
  +--> ?PR?LCD12864ERASEALL?LCD12864

*** NEW ROOT ***************************************************

?PR?OSTICKISR?OS_CPU_A                     -----    -----      -----    -----      -----    -----
  +--> ?PR?_?OSINTENTER?OS_CORE
  +--> ?PR?_?OSTIMETICK?OS_CORE
  +--> ?PR?_?OSINTEXIT?OS_CORE

?PR?_?OSTIMETICK?OS_CORE                   -----    -----      -----    -----      -----    -----
  +--> ?PR?_?OSTIMETICKHOOK?OS_CPU_C

?PR?_?OSINTEXIT?OS_CORE                    -----    -----      -----    -----      -----    -----
  +--> ?CO?OS_CORE
  +--> ?PR?OSINTCTXSW?OS_CPU_A

?PR?OSINTCTXSW?OS_CPU_A                    -----    -----      -----    -----      -----    -----
  +--> ?PR?OSCTXSW?OS_CPU_A

*** NEW ROOT ***************************************************

?PR?_?SERIAL?OS_CPU_A                      -----    -----      -----    -----      -----    -----
  +--> ?PR?_?OSINTENTER?OS_CORE
  +--> ?PR?_?OSINTEXIT?OS_CORE

BL51 BANKED LINKER/LOCATER V6.22.2.0                                                  07/02/2022  17:38:10  PAGE 10




UNRESOLVED EXTERNAL SYMBOLS:
   _?SERIAL



SYMBOL TABLE OF MODULE:  .\OutPut\uCOS-II (MAIN)

  VALUE           TYPE          NAME
  ----------------------------------

  -------         MODULE        MAIN
  C:0000H         SYMBOL        _ICE_DUMMY_
  D:0080H         PUBLIC        P0
  D:0090H         PUBLIC        P1
  D:00A0H         PUBLIC        P2
  D:00B0H         PUBLIC        P3
  D:00C0H         PUBLIC        P4
  D:00C8H         PUBLIC        P5
  B:00A8H.7       PUBLIC        EA
  D:00E8H         PUBLIC        P6
  D:00F8H         PUBLIC        P7
  D:00A8H         PUBLIC        IE
  D:00B8H         PUBLIC        IP
  X:00FCH         PUBLIC        LEDTaskStk
  D:00D8H         PUBLIC        CCON
  X:013DH         PUBLIC        LCD12864TaskStk
  C:2223H         PUBLIC        main
  C:2D7AH         PUBLIC        _?gameTask
  D:0098H         PUBLIC        SCON
  D:0088H         PUBLIC        TCON
  B:00A8H.1       PUBLIC        ET0
  B:00C8H.5       PUBLIC        LED
  X:017EH         PUBLIC        isStudentInterface
  X:017FH         PUBLIC        gameTaskStk
  C:2DF8H         PUBLIC        _?LEDTask
  C:2CC5H         PUBLIC        _?LCD12864Task
  D:00D0H         PUBLIC        PSW
  -------         PROC          MAIN
  C:2223H         LINE#         29
  C:2223H         LINE#         30
  C:2223H         LINE#         31
  C:2226H         LINE#         32
  C:2229H         LINE#         33
  C:222EH         LINE#         34
  C:2231H         LINE#         35
  C:2233H         LINE#         37
  C:2236H         LINE#         38
  C:2239H         LINE#         40
  C:2268H         LINE#         41
  C:2298H         LINE#         42
  C:22C8H         LINE#         44
  -------         ENDPROC       MAIN
  -------         PROC          _?LEDTASK
  x:0000H         SYMBOL        ppdata
  C:2DF8H         LINE#         50
BL51 BANKED LINKER/LOCATER V6.22.2.0                                                  07/02/2022  17:38:10  PAGE 11


  C:2E01H         LINE#         52
  C:2E13H         LINE#         53
  C:2E15H         LINE#         55
  C:2E15H         LINE#         56
  C:2E15H         LINE#         57
  C:2E17H         LINE#         58
  C:2E1EH         LINE#         59
  -------         ENDPROC       _?LEDTASK
  -------         PROC          _?LCD12864TASK
  x:0000H         SYMBOL        ppdata
  C:2CC5H         LINE#         62
  C:2CCEH         LINE#         64
  C:2CE0H         LINE#         66
  C:2CE0H         LINE#         67
  C:2CE0H         LINE#         68
  C:2CE7H         LINE#         69
  C:2CE7H         LINE#         70
  C:2CEAH         LINE#         71
  C:2CEAH         LINE#         72
  C:2CF1H         LINE#         73
  -------         ENDPROC       _?LCD12864TASK
  -------         PROC          _?GAMETASK
  x:0000H         SYMBOL        ppdata
  C:2D7AH         LINE#         76
  C:2D83H         LINE#         78
  C:2D95H         LINE#         79
  C:2D98H         LINE#         81
  C:2D98H         LINE#         82
  C:2D98H         LINE#         84
  C:2D9BH         LINE#         85
  C:2DA2H         LINE#         86
  -------         ENDPROC       _?GAMETASK
  -------         ENDMOD        MAIN

  -------         MODULE        ?C_STARTUP
  C:240AH         SEGMENT       ?C_C51STARTUP
  I:0051H         SEGMENT       ?STACK
  C:0000H         PUBLIC        ?C_STARTUP
  D:00E0H         SYMBOL        ACC
  D:00F0H         SYMBOL        B
  D:0083H         SYMBOL        DPH
  D:0082H         SYMBOL        DPL
  N:0000H         SYMBOL        IBPSTACK
  N:0100H         SYMBOL        IBPSTACKTOP
  N:0000H         SYMBOL        IDATALEN
  N:0000H         SYMBOL        PBPSTACK
  N:0400H         SYMBOL        PBPSTACKTOP
  N:0000H         SYMBOL        PDATALEN
  N:0000H         SYMBOL        PDATASTART
  N:0000H         SYMBOL        PPAGE
  N:0000H         SYMBOL        PPAGEENABLE
  D:00A0H         SYMBOL        PPAGE_SFR
  D:0081H         SYMBOL        SP
  C:240AH         SYMBOL        STARTUP1
  N:0001H         SYMBOL        XBPSTACK
  N:0400H         SYMBOL        XBPSTACKTOP
  N:0000H         SYMBOL        XDATALEN
BL51 BANKED LINKER/LOCATER V6.22.2.0                                                  07/02/2022  17:38:10  PAGE 12


  N:0000H         SYMBOL        XDATASTART
  C:0000H         LINE#         92
  C:240AH         LINE#         142
  C:240DH         LINE#         143
  C:2410H         LINE#         151
  C:2413H         LINE#         155
  -------         ENDMOD        ?C_STARTUP

  -------         MODULE        KEYACTION
  C:0000H         SYMBOL        _ICE_DUMMY_
  D:0080H         PUBLIC        P0
  D:0090H         PUBLIC        P1
  D:00A0H         PUBLIC        P2
  D:00B0H         PUBLIC        P3
  D:00C0H         PUBLIC        P4
  C:2CF3H         PUBLIC        stoptogo
  D:00C8H         PUBLIC        P5
  X:0286H         SYMBOL        grade
  D:00E8H         PUBLIC        P6
  D:00F8H         PUBLIC        P7
  C:22CBH         PUBLIC        _KeyAction
  C:2FE9H         PUBLIC        GLEDFLASH
  D:00A8H         PUBLIC        IE
  X:0288H         PUBLIC        gameModel
  C:3085H         PUBLIC        x_down
  D:00B8H         PUBLIC        IP
  X:0289H         PUBLIC        FLAG
  X:028AH         PUBLIC        string
  B:00C0H.2       PUBLIC        GLED
  C:2DA4H         PUBLIC        enterGame
  C:3091H         PUBLIC        right
  D:00D8H         PUBLIC        CCON
  C:2BEEH         PUBLIC        tostop
  C:308BH         PUBLIC        left
  X:029EH         PUBLIC        sign
  D:0098H         PUBLIC        SCON
  D:0088H         PUBLIC        TCON
  C:3073H         PUBLIC        Re
  X:029FH         PUBLIC        interface
  C:2F16H         PUBLIC        down
  C:2FADH         PUBLIC        esc
  C:0003H         PUBLIC        x_up
  D:00AFH         PUBLIC        IE2
  C:001EH         SYMBOL        _?ix1000
  C:0018H         PUBLIC        enterCmp
  C:302EH         PUBLIC        steTime
  X:02A0H         SYMBOL        ANS
  C:2F4FH         PUBLIC        up
  X:02AAH         SYMBOL        i
  X:02ACH         SYMBOL        KEY
  X:02B6H         SYMBOL        j
  X:02B8H         PUBLIC        startUnderLineId
  D:00D0H         PUBLIC        PSW
  -------         PROC          GLEDFLASH
  -------         DO            
  D:0006H         SYMBOL        i
  -------         ENDDO         
BL51 BANKED LINKER/LOCATER V6.22.2.0                                                  07/02/2022  17:38:10  PAGE 13


  C:2FE9H         LINE#         65
  C:2FE9H         LINE#         67
  C:2FEDH         LINE#         68
  C:2FEFH         LINE#         69
  C:2FF8H         LINE#         70
  C:2FFAH         LINE#         71
  -------         ENDPROC       GLEDFLASH
  -------         PROC          _KEYACTION
  X:0225H         SYMBOL        KeyValue
  C:22CBH         LINE#         73
  C:22D0H         LINE#         74
  C:22D0H         LINE#         75
  C:22D6H         LINE#         76
  C:22D6H         LINE#         77
  C:22E6H         LINE#         78
  C:22E6H         LINE#         79
  C:22EBH         LINE#         80
  C:22F0H         LINE#         81
  C:22F3H         LINE#         82
  C:22F3H         LINE#         83
  C:22F3H         LINE#         84
  C:22F3H         LINE#         86
  C:22FBH         LINE#         87
  C:22FBH         LINE#         89
  C:231EH         LINE#         90
  C:231EH         LINE#         91
  C:2323H         LINE#         92
  C:2328H         LINE#         93
  C:232DH         LINE#         94
  C:2332H         LINE#         95
  C:2337H         LINE#         96
  C:233CH         LINE#         97
  C:2341H         LINE#         98
  C:2344H         LINE#         100
  C:2344H         LINE#         101
  C:2344H         LINE#         103
  C:2344H         LINE#         105
  C:234BH         LINE#         106
  C:234BH         LINE#         107
  C:2357H         LINE#         108
  C:2357H         LINE#         109
  C:235CH         LINE#         110
  C:235FH         LINE#         111
  C:235FH         LINE#         112
  C:235FH         LINE#         113
  C:235FH         LINE#         115
  C:2366H         LINE#         116
  C:2366H         LINE#         117
  C:236EH         LINE#         118
  C:236EH         LINE#         119
  C:2371H         LINE#         121
  C:2371H         LINE#         122
  C:2371H         LINE#         123
  C:2371H         LINE#         125
  -------         ENDPROC       _KEYACTION
  -------         PROC          UP
  C:2F4FH         LINE#         141
BL51 BANKED LINKER/LOCATER V6.22.2.0                                                  07/02/2022  17:38:10  PAGE 14


  C:2F4FH         LINE#         142
  C:2F4FH         LINE#         143
  C:2F52H         LINE#         144
  C:2F58H         LINE#         145
  C:2F58H         LINE#         146
  C:2F59H         LINE#         147
  C:2F5BH         LINE#         149
  C:2F5BH         LINE#         150
  C:2F61H         LINE#         151
  C:2F61H         LINE#         153
  -------         ENDPROC       UP
  -------         PROC          DOWN
  C:2F16H         LINE#         155
  C:2F16H         LINE#         156
  C:2F16H         LINE#         157
  C:2F19H         LINE#         158
  C:2F20H         LINE#         159
  C:2F20H         LINE#         160
  C:2F23H         LINE#         161
  C:2F25H         LINE#         163
  C:2F25H         LINE#         164
  C:2F2BH         LINE#         165
  C:2F2BH         LINE#         167
  -------         ENDPROC       DOWN
  -------         PROC          ENTERGAME
  C:2DA4H         LINE#         170
  C:2DA4H         LINE#         171
  C:2DA4H         LINE#         172
  C:2DA7H         LINE#         173
  C:2DADH         LINE#         174
  C:2DADH         LINE#         175
  C:2DB2H         LINE#         176
  C:2DB5H         LINE#         177
  C:2DB5H         LINE#         178
  C:2DBCH         LINE#         179
  C:2DBCH         LINE#         180
  C:2DC2H         LINE#         181
  C:2DC7H         LINE#         182
  C:2DCDH         LINE#         183
  C:2DCDH         LINE#         185
  -------         ENDPROC       ENTERGAME
  -------         PROC          X_UP
  C:0003H         LINE#         189
  C:0003H         LINE#         190
  C:0003H         LINE#         191
  C:0006H         LINE#         192
  -------         ENDPROC       X_UP
  -------         PROC          X_DOWN
  C:3085H         LINE#         195
  C:3085H         LINE#         196
  C:3085H         LINE#         197
  C:3088H         LINE#         198
  -------         ENDPROC       X_DOWN
  -------         PROC          LEFT
  C:308BH         LINE#         202
  C:308BH         LINE#         203
  C:308BH         LINE#         204
BL51 BANKED LINKER/LOCATER V6.22.2.0                                                  07/02/2022  17:38:10  PAGE 15


  C:308EH         LINE#         205
  -------         ENDPROC       LEFT
  -------         PROC          RIGHT
  C:3091H         LINE#         208
  C:3091H         LINE#         209
  C:3091H         LINE#         210
  C:3094H         LINE#         211
  -------         ENDPROC       RIGHT
  -------         PROC          STOPTOGO
  C:2CF3H         LINE#         216
  C:2CF3H         LINE#         217
  C:2CF3H         LINE#         218
  C:2CFAH         LINE#         219
  C:2D00H         LINE#         220
  C:2D05H         LINE#         221
  C:2D08H         LINE#         222
  C:2D0DH         LINE#         223
  C:2D12H         LINE#         224
  C:2D17H         LINE#         225
  C:2D20H         LINE#         226
  C:2D20H         LINE#         227
  -------         ENDPROC       STOPTOGO
  -------         PROC          TOSTOP
  -------         DO            
  X:0226H         SYMBOL        str
  -------         ENDDO         
  C:2BEEH         LINE#         230
  C:2BEEH         LINE#         231
  C:2BEEH         LINE#         232
  C:2C01H         LINE#         233
  C:2C04H         LINE#         234
  C:2C0AH         LINE#         235
  C:2C10H         LINE#         236
  C:2C16H         LINE#         237
  C:2C19H         LINE#         238
  C:2C1EH         LINE#         239
  C:2C23H         LINE#         240
  C:2C28H         LINE#         241
  C:2C31H         LINE#         242
  C:2C3EH         LINE#         243
  C:2C3EH         LINE#         245
  -------         ENDPROC       TOSTOP
  -------         PROC          ESC
  C:2FADH         LINE#         249
  C:2FADH         LINE#         250
  C:2FADH         LINE#         251
  C:2FB0H         LINE#         252
  C:2FB5H         LINE#         253
  C:2FB9H         LINE#         254
  C:2FBBH         LINE#         255
  C:2FBEH         LINE#         256
  -------         ENDPROC       ESC
  -------         PROC          RE
  C:3073H         LINE#         259
  C:3073H         LINE#         260
  C:3073H         LINE#         261
  C:3076H         LINE#         262
BL51 BANKED LINKER/LOCATER V6.22.2.0                                                  07/02/2022  17:38:10  PAGE 16


  C:3079H         LINE#         263
  -------         ENDPROC       RE
  -------         PROC          ENTERCMP
  C:0018H         LINE#         267
  C:0018H         LINE#         268
  C:0018H         LINE#         269
  -------         ENDPROC       ENTERCMP
  -------         PROC          STETIME
  C:302EH         LINE#         273
  C:302EH         LINE#         274
  C:302EH         LINE#         275
  C:3031H         LINE#         276
  C:303AH         LINE#         277
  -------         ENDPROC       STETIME
  -------         ENDMOD        KEYACTION

  -------         MODULE        KEYBOARD
  C:0000H         SYMBOL        _ICE_DUMMY_
  D:0080H         PUBLIC        P0
  D:0090H         PUBLIC        P1
  D:00A0H         PUBLIC        P2
  D:00B0H         PUBLIC        P3
  D:00C0H         PUBLIC        P4
  D:00C8H         PUBLIC        P5
  D:00E8H         PUBLIC        P6
  D:00F8H         PUBLIC        P7
  X:02DAH         PUBLIC        current
  D:00A8H         PUBLIC        IE
  D:00B8H         PUBLIC        IP
  C:1B09H         PUBLIC        keyScanner
  D:00D8H         PUBLIC        CCON
  B:00A0H.5       PUBLIC        keyIn1
  D:0098H         PUBLIC        SCON
  B:00A0H.6       PUBLIC        keyIn2
  D:0088H         PUBLIC        TCON
  B:00A0H.7       PUBLIC        keyIn3
  B:00A0H.3       PUBLIC        keyOut1
  B:00A0H.4       PUBLIC        keyIn4
  B:00A0H.2       PUBLIC        keyOut2
  B:00A0H.1       PUBLIC        keyOut3
  B:00A0H.0       PUBLIC        keyOut4
  C:208AH         PUBLIC        keyDriver
  C:301EH         PUBLIC        hashMap
  D:00D0H         PUBLIC        PSW
  -------         PROC          KEYSCANNER
  -------         DO            
  D:0007H         SYMBOL        k
  X:02B9H         SYMBOL        keyout
  X:02BAH         SYMBOL        state
  -------         ENDDO         
  C:1B09H         LINE#         35
  C:1B09H         LINE#         36
  C:1B09H         LINE#         46
  C:1B35H         LINE#         47
  C:1B61H         LINE#         48
  C:1B8DH         LINE#         49
  C:1BB9H         LINE#         50
BL51 BANKED LINKER/LOCATER V6.22.2.0                                                  07/02/2022  17:38:10  PAGE 17


  C:1BBBH         LINE#         51
  C:1BDEH         LINE#         52
  C:1BF9H         LINE#         53
  C:1BFBH         LINE#         54
  C:1BFEH         LINE#         55
  C:1C18H         LINE#         56
  C:1C18H         LINE#         57
  C:1C1DH         LINE#         58
  C:1C23H         LINE#         59
  C:1C27H         LINE#         60
  C:1C34H         LINE#         61
  C:1C34H         LINE#         62
  C:1C39H         LINE#         63
  C:1C39H         LINE#         64
  C:1C3EH         LINE#         65
  C:1C3EH         LINE#         66
  C:1C43H         LINE#         67
  C:1C43H         LINE#         68
  C:1C47H         LINE#         69
  C:1C47H         LINE#         70
  C:1C47H         LINE#         71
  C:1C47H         LINE#         72
  -------         ENDPROC       KEYSCANNER
  -------         PROC          KEYDRIVER
  -------         DO            
  X:0223H         SYMBOL        k
  X:0224H         SYMBOL        i
  X:02CAH         SYMBOL        previous
  -------         ENDDO         
  C:208AH         LINE#         74
  C:208AH         LINE#         75
  C:208AH         LINE#         86
  C:208FH         LINE#         87
  C:20A0H         LINE#         88
  C:20DDH         LINE#         89
  C:20E0H         LINE#         90
  C:2106H         LINE#         91
  C:2106H         LINE#         92
  C:2143H         LINE#         93
  C:2143H         LINE#         94
  C:214CH         LINE#         95
  C:215BH         LINE#         96
  -------         ENDPROC       KEYDRIVER
  -------         ENDMOD        KEYBOARD

  -------         MODULE        LCD12864
  C:0000H         SYMBOL        _ICE_DUMMY_
  D:0092H         PUBLIC        P1M0
  D:0093H         PUBLIC        P0M1
  B:00B0H.7       PUBLIC        LCD12864_E
  D:0096H         PUBLIC        P2M0
  D:0091H         PUBLIC        P1M1
  D:0080H         PUBLIC        P0
  D:00B2H         PUBLIC        P3M0
  D:0095H         PUBLIC        P2M1
  D:0090H         PUBLIC        P1
  D:00B4H         PUBLIC        P4M0
BL51 BANKED LINKER/LOCATER V6.22.2.0                                                  07/02/2022  17:38:10  PAGE 18


  D:00B1H         PUBLIC        P3M1
  D:00A0H         PUBLIC        P2
  D:00B3H         PUBLIC        P4M1
  D:00B0H         PUBLIC        P3
  D:00C0H         PUBLIC        P4
  D:00C8H         PUBLIC        P5
  D:00E8H         PUBLIC        P6
  D:00F8H         PUBLIC        P7
  C:2D4EH         PUBLIC        img_dele_line_start1
  C:2C84H         PUBLIC        img_dele_line_start2
  C:2DCEH         PUBLIC        _LCD12864SetCursor
  C:29DEH         PUBLIC        img_line_start1
  C:2A98H         PUBLIC        img_line_start2
  D:00A8H         PUBLIC        IE
  C:2FC1H         PUBLIC        initLCD12864
  D:00B8H         PUBLIC        IP
  D:00D8H         PUBLIC        CCON
  C:25A0H         PUBLIC        img_clear
  C:2D3CH         PUBLIC        _LCD12864WriteCommand
  C:2F97H         PUBLIC        IO_init
  D:0098H         PUBLIC        SCON
  D:0088H         PUBLIC        TCON
  C:2F33H         PUBLIC        _startUnderLine
  C:300DH         PUBLIC        _LCD12864EraseArea
  C:268EH         PUBLIC        _img_disp
  B:00B0H.5       PUBLIC        LCD12864_RS
  B:00B0H.6       PUBLIC        LCD12864_RW
  C:2A86H         PUBLIC        _LCD12864WriteData
  X:02F2H         PUBLIC        i
  C:3097H         PUBLIC        LCD12864EraseAll
  X:02F3H         PUBLIC        j
  C:2FFBH         PUBLIC        LCD12864WaitReady
  C:2E20H         PUBLIC        _LCD12864ShowString
  D:00D0H         PUBLIC        PSW
  D:0094H         PUBLIC        P0M0
  -------         PROC          LCD12864WAITREADY
  -------         DO            
  D:0007H         SYMBOL        state
  -------         ENDDO         
  C:2FFBH         LINE#         39
  C:2FFBH         LINE#         40
  C:2FFBH         LINE#         43
  C:2FFEH         LINE#         44
  C:3000H         LINE#         45
  C:3002H         LINE#         47
  C:3002H         LINE#         48
  C:3004H         LINE#         49
  C:3006H         LINE#         50
  C:3008H         LINE#         51
  C:300CH         LINE#         52
  -------         ENDPROC       LCD12864WAITREADY
  C:2D21H         SYMBOL        L?0072
  C:2D36H         SYMBOL        L?0073
  C:2D37H         SYMBOL        L?0074
  -------         PROC          L?0071
  -------         ENDPROC       L?0071
  C:2D21H         SYMBOL        L?0072
BL51 BANKED LINKER/LOCATER V6.22.2.0                                                  07/02/2022  17:38:10  PAGE 19


  C:2D36H         SYMBOL        L?0073
  C:2D37H         SYMBOL        L?0074
  -------         PROC          _LCD12864WRITECOMMAND
  D:0006H         SYMBOL        command
  C:2D3CH         LINE#         55
  C:2D3EH         LINE#         56
  C:2D3EH         LINE#         57
  C:2D41H         LINE#         58
  C:2D43H         LINE#         59
  C:2D45H         LINE#         60
  C:2D49H         LINE#         61
  C:2D4BH         LINE#         62
  C:2D4DH         LINE#         63
  -------         ENDPROC       _LCD12864WRITECOMMAND
  -------         PROC          INITLCD12864
  C:2FC1H         LINE#         66
  C:2FC1H         LINE#         67
  C:2FC1H         LINE#         68
  C:2FC6H         LINE#         69
  C:2FCBH         LINE#         70
  C:2FD0H         LINE#         71
  -------         ENDPROC       INITLCD12864
  -------         PROC          L?0075
  -------         ENDPROC       L?0075
  -------         PROC          _LCD12864WRITEDATA
  D:0006H         SYMBOL        dat
  C:2A86H         LINE#         75
  C:2A88H         LINE#         76
  C:2A88H         LINE#         77
  C:2A8BH         LINE#         78
  C:2A8DH         LINE#         79
  C:2A8FH         LINE#         80
  C:2A93H         LINE#         81
  C:2A95H         LINE#         82
  C:2A97H         LINE#         83
  -------         ENDPROC       _LCD12864WRITEDATA
  -------         PROC          _LCD12864SETCURSOR
  D:0007H         SYMBOL        x
  D:0005H         SYMBOL        y
  -------         DO            
  D:0004H         SYMBOL        address
  -------         ENDDO         
  C:2DCEH         LINE#         86
  C:2DCEH         LINE#         87
  C:2DCEH         LINE#         89
  C:2DD1H         LINE#         90
  C:2DD1H         LINE#         91
  C:2DD5H         LINE#         92
  C:2DDBH         LINE#         93
  C:2DDBH         LINE#         94
  C:2DDFH         LINE#         95
  C:2DE5H         LINE#         96
  C:2DE5H         LINE#         97
  C:2DE9H         LINE#         98
  C:2DEFH         LINE#         99
  C:2DEFH         LINE#         100
  C:2DF3H         LINE#         101
BL51 BANKED LINKER/LOCATER V6.22.2.0                                                  07/02/2022  17:38:10  PAGE 20


  C:2DF3H         LINE#         102
  -------         ENDPROC       _LCD12864SETCURSOR
  -------         PROC          _LCD12864SHOWSTRING
  D:0007H         SYMBOL        x
  D:0005H         SYMBOL        y
  X:025EH         SYMBOL        str
  C:2E20H         LINE#         106
  C:2E26H         LINE#         107
  C:2E26H         LINE#         108
  C:2E29H         LINE#         109
  C:2E34H         LINE#         110
  C:2E45H         LINE#         111
  C:2E47H         LINE#         112
  -------         ENDPROC       _LCD12864SHOWSTRING
  -------         PROC          _LCD12864ERASEAREA
  D:0007H         SYMBOL        x
  D:0005H         SYMBOL        y
  D:0003H         SYMBOL        size
  C:300DH         LINE#         115
  C:300DH         LINE#         116
  C:300DH         LINE#         117
  C:3010H         LINE#         118
  C:3016H         LINE#         119
  C:301BH         LINE#         120
  C:301DH         LINE#         121
  -------         ENDPROC       _LCD12864ERASEAREA
  -------         PROC          LCD12864ERASEALL
  C:3097H         LINE#         124
  C:3097H         LINE#         125
  C:3097H         LINE#         126
  -------         ENDPROC       LCD12864ERASEALL
  -------         PROC          IO_INIT
  C:2F97H         LINE#         130
  C:2F97H         LINE#         131
  C:2F97H         LINE#         132
  C:2F9AH         LINE#         133
  C:2F9CH         LINE#         135
  C:2F9EH         LINE#         136
  C:2FA0H         LINE#         138
  C:2FA2H         LINE#         139
  C:2FA4H         LINE#         141
  C:2FA6H         LINE#         142
  C:2FA8H         LINE#         144
  C:2FAAH         LINE#         145
  C:2FACH         LINE#         146
  -------         ENDPROC       IO_INIT
  -------         PROC          _IMG_DISP
  D:0004H         SYMBOL        img
  C:268EH         LINE#         150
  C:2692H         LINE#         151
  C:2692H         LINE#         152
  C:2697H         LINE#         153
  C:2697H         LINE#         154
  C:269CH         LINE#         155
  C:269CH         LINE#         156
  C:269CH         LINE#         157
  C:269CH         LINE#         158
BL51 BANKED LINKER/LOCATER V6.22.2.0                                                  07/02/2022  17:38:10  PAGE 21


  C:269CH         LINE#         159
  C:269FH         LINE#         160
  C:269FH         LINE#         161
  C:26A2H         LINE#         162
  C:26AEH         LINE#         163
  C:26BAH         LINE#         164
  C:26C0H         LINE#         165
  C:26C0H         LINE#         166
  C:26C5H         LINE#         167
  C:26C5H         LINE#         168
  C:26CAH         LINE#         169
  C:26D4H         LINE#         170
  C:26DAH         LINE#         171
  C:26DDH         LINE#         172
  C:26DDH         LINE#         173
  C:26E0H         LINE#         174
  C:26ECH         LINE#         175
  C:26F8H         LINE#         176
  C:26FDH         LINE#         177
  -------         ENDPROC       _IMG_DISP
  -------         PROC          IMG_CLEAR
  C:25A0H         LINE#         182
  C:25A0H         LINE#         183
  C:25A0H         LINE#         184
  C:25A5H         LINE#         185
  C:25A5H         LINE#         186
  C:25AAH         LINE#         187
  C:25AAH         LINE#         188
  C:25AAH         LINE#         189
  C:25AAH         LINE#         190
  C:25AAH         LINE#         191
  C:25ADH         LINE#         192
  C:25B2H         LINE#         193
  C:25B7H         LINE#         194
  C:25C0H         LINE#         195
  C:25CCH         LINE#         196
  C:25D2H         LINE#         197
  C:25D2H         LINE#         198
  C:25D7H         LINE#         199
  C:25D7H         LINE#         200
  C:25DCH         LINE#         201
  C:25E6H         LINE#         202
  C:25ECH         LINE#         203
  C:25EFH         LINE#         204
  C:25F4H         LINE#         205
  C:25F9H         LINE#         206
  C:2602H         LINE#         207
  C:260EH         LINE#         208
  C:2613H         LINE#         209
  -------         ENDPROC       IMG_CLEAR
  -------         PROC          _STARTUNDERLINE
  X:0226H         SYMBOL        id
  C:2F33H         LINE#         213
  C:2F38H         LINE#         214
  C:2F38H         LINE#         215
  C:2F3BH         LINE#         216
  C:2F3EH         LINE#         218
BL51 BANKED LINKER/LOCATER V6.22.2.0                                                  07/02/2022  17:38:10  PAGE 22


  C:2F48H         LINE#         219
  C:2F48H         LINE#         220
  C:2F48H         LINE#         221
  C:2F4BH         LINE#         222
  C:2F4BH         LINE#         223
  C:2F4BH         LINE#         224
  C:2F4EH         LINE#         225
  C:2F4EH         LINE#         226
  C:2F4EH         LINE#         227
  C:2F4EH         LINE#         228
  -------         ENDPROC       _STARTUNDERLINE
  -------         PROC          IMG_LINE_START1
  C:29DEH         LINE#         231
  C:29DEH         LINE#         232
  C:29DEH         LINE#         233
  C:29E4H         LINE#         234
  C:29E9H         LINE#         235
  C:29EEH         LINE#         236
  C:29F0H         LINE#         237
  C:29F3H         LINE#         238
  C:29F8H         LINE#         239
  C:29FDH         LINE#         240
  C:2A03H         LINE#         241
  C:2A03H         LINE#         242
  C:2A03H         LINE#         243
  C:2A03H         LINE#         244
  C:2A03H         LINE#         245
  C:2A06H         LINE#         246
  C:2A0BH         LINE#         247
  C:2A10H         LINE#         248
  C:2A19H         LINE#         249
  C:2A1EH         LINE#         250
  C:2A23H         LINE#         251
  C:2A25H         LINE#         252
  C:2A28H         LINE#         253
  C:2A2DH         LINE#         254
  C:2A32H         LINE#         256
  C:2A37H         LINE#         257
  -------         ENDPROC       IMG_LINE_START1
  -------         PROC          IMG_DELE_LINE_START1
  C:2D4EH         LINE#         261
  C:2D4EH         LINE#         262
  C:2D4EH         LINE#         263
  C:2D54H         LINE#         264
  C:2D5AH         LINE#         265
  C:2D5AH         LINE#         266
  C:2D5AH         LINE#         267
  C:2D5AH         LINE#         268
  C:2D5AH         LINE#         269
  C:2D5DH         LINE#         270
  C:2D62H         LINE#         271
  C:2D67H         LINE#         272
  C:2D70H         LINE#         273
  C:2D75H         LINE#         274
  -------         ENDPROC       IMG_DELE_LINE_START1
  -------         PROC          IMG_LINE_START2
  C:2A98H         LINE#         280
BL51 BANKED LINKER/LOCATER V6.22.2.0                                                  07/02/2022  17:38:10  PAGE 23


  C:2A98H         LINE#         281
  C:2A98H         LINE#         282
  C:2A9EH         LINE#         283
  C:2AA3H         LINE#         284
  C:2AA8H         LINE#         285
  C:2AAAH         LINE#         286
  C:2AADH         LINE#         287
  C:2AB2H         LINE#         288
  C:2AB7H         LINE#         289
  C:2ABDH         LINE#         290
  C:2ABDH         LINE#         291
  C:2AC2H         LINE#         292
  C:2ACCH         LINE#         293
  C:2AD2H         LINE#         294
  C:2AD5H         LINE#         295
  C:2ADAH         LINE#         296
  C:2ADFH         LINE#         297
  C:2AE8H         LINE#         298
  C:2AEDH         LINE#         299
  -------         ENDPROC       IMG_LINE_START2
  -------         PROC          IMG_DELE_LINE_START2
  C:2C84H         LINE#         302
  C:2C84H         LINE#         303
  C:2C84H         LINE#         304
  C:2C8AH         LINE#         305
  C:2C90H         LINE#         306
  C:2C90H         LINE#         307
  C:2C95H         LINE#         308
  C:2C9FH         LINE#         309
  C:2CA5H         LINE#         310
  C:2CA8H         LINE#         311
  C:2CADH         LINE#         312
  C:2CB2H         LINE#         313
  C:2CBBH         LINE#         314
  C:2CC0H         LINE#         315
  -------         ENDPROC       IMG_DELE_LINE_START2
  -------         ENDMOD        LCD12864

  -------         MODULE        TIMEN
  C:0000H         SYMBOL        _ICE_DUMMY_
  C:27E6H         PUBLIC        _configureTimer1
  C:2F69H         PUBLIC        configureTimer2
  D:0080H         PUBLIC        P0
  D:0090H         PUBLIC        P1
  D:00A0H         PUBLIC        P2
  D:00B0H         PUBLIC        P3
  D:00C0H         PUBLIC        P4
  D:00C8H         PUBLIC        P5
  D:00E8H         PUBLIC        P6
  D:00F8H         PUBLIC        P7
  D:00A8H         PUBLIC        IE
  D:00B8H         PUBLIC        IP
  D:00D8H         PUBLIC        CCON
  X:02EAH         PUBLIC        count
  X:02ECH         PUBLIC        time
  D:0098H         PUBLIC        SCON
  X:02EEH         PUBLIC        Timer1
BL51 BANKED LINKER/LOCATER V6.22.2.0                                                  07/02/2022  17:38:10  PAGE 24


  D:0089H         PUBLIC        TMOD
  D:0088H         PUBLIC        TCON
  X:02F0H         PUBLIC        Timer2
  D:00AFH         PUBLIC        IE2
  D:008EH         PUBLIC        AUXR
  B:00A8H.3       PUBLIC        ET1
  D:008DH         PUBLIC        TH1
  D:00D6H         PUBLIC        T2H
  D:008BH         PUBLIC        TL1
  D:00D7H         PUBLIC        T2L
  B:0088H.4       PUBLIC        TR0
  B:0088H.6       PUBLIC        TR1
  C:2496H         PUBLIC        display
  C:2C3FH         PUBLIC        TimerCounter_1
  D:00D0H         PUBLIC        PSW
  C:28BBH         PUBLIC        TimerCounter_2
  C:307CH         PUBLIC        _?configureTimer0
  -------         PROC          _?CONFIGURETIMER0
  C:307CH         LINE#         34
  C:307CH         LINE#         36
  C:307FH         LINE#         37
  C:3082H         LINE#         40
  C:3084H         LINE#         41
  -------         ENDPROC       _?CONFIGURETIMER0
  -------         PROC          _CONFIGURETIMER1
  D:0003H         SYMBOL        ms
  -------         DO            
  X:0223H         SYMBOL        timer
  -------         ENDDO         
  C:27E6H         LINE#         44
  C:27E8H         LINE#         45
  C:27E8H         LINE#         46
  C:27F2H         LINE#         47
  C:2811H         LINE#         48
  C:282BH         LINE#         49
  C:2838H         LINE#         50
  C:2840H         LINE#         51
  C:2846H         LINE#         52
  C:284AH         LINE#         53
  C:284DH         LINE#         54
  C:2850H         LINE#         55
  C:2852H         LINE#         56
  C:2854H         LINE#         57
  -------         ENDPROC       _CONFIGURETIMER1
  -------         PROC          TIMERCOUNTER_1
  C:2C3FH         LINE#         60
  C:2C5CH         LINE#         62
  C:2C62H         LINE#         63
  C:2C66H         LINE#         64
  C:2C69H         LINE#         65
  -------         ENDPROC       TIMERCOUNTER_1
  -------         PROC          CONFIGURETIMER2
  C:2F69H         LINE#         69
  C:2F69H         LINE#         70
  C:2F69H         LINE#         71
  C:2F6CH         LINE#         72
  C:2F6FH         LINE#         73
BL51 BANKED LINKER/LOCATER V6.22.2.0                                                  07/02/2022  17:38:10  PAGE 25


  C:2F72H         LINE#         74
  C:2F78H         LINE#         75
  C:2F7CH         LINE#         76
  C:2F7FH         LINE#         77
  -------         ENDPROC       CONFIGURETIMER2
  -------         PROC          TIMERCOUNTER_2
  C:28BBH         LINE#         80
  C:28D8H         LINE#         82
  C:28DEH         LINE#         83
  C:28E2H         LINE#         84
  C:28ECH         LINE#         85
  C:28F8H         LINE#         86
  C:28F8H         LINE#         87
  C:28FBH         LINE#         88
  C:2902H         LINE#         89
  C:2902H         LINE#         90
  -------         ENDPROC       TIMERCOUNTER_2
  -------         PROC          DISPLAY
  -------         DO            
  X:0256H         SYMBOL        str
  -------         ENDDO         
  C:2496H         LINE#         94
  C:2496H         LINE#         95
  C:2496H         LINE#         97
  C:249BH         LINE#         98
  C:24A0H         LINE#         99
  C:24A5H         LINE#         100
  C:24CDH         LINE#         101
  C:24D6H         LINE#         102
  C:24E3H         LINE#         103
  C:24EFH         LINE#         104
  C:24EFH         LINE#         105
  C:2504H         LINE#         106
  C:2507H         LINE#         107
  C:2514H         LINE#         108
  C:2517H         LINE#         109
  C:251DH         LINE#         110
  C:251DH         LINE#         111
  -------         ENDPROC       DISPLAY
  -------         ENDMOD        TIMEN

  -------         MODULE        INTERFACE
  C:0000H         SYMBOL        _ICE_DUMMY_
  D:0080H         PUBLIC        P0
  D:0090H         PUBLIC        P1
  D:00A0H         PUBLIC        P2
  D:00B0H         PUBLIC        P3
  D:00C0H         PUBLIC        P4
  D:00C8H         PUBLIC        P5
  D:00E8H         PUBLIC        P6
  C:1995H         PUBLIC        _update
  D:00F8H         PUBLIC        P7
  D:00A8H         PUBLIC        IE
  C:0A7EH         PUBLIC        Mudi
  C:17F8H         PUBLIC        _judge
  C:2EF8H         PUBLIC        R_up
  D:00B8H         PUBLIC        IP
BL51 BANKED LINKER/LOCATER V6.22.2.0                                                  07/02/2022  17:38:10  PAGE 26


  X:01C0H         PUBLIC        index
  X:01C1H         PUBLIC        where
  X:01CDH         PUBLIC        cur_x
  C:251EH         PUBLIC        studentInterface
  D:00D8H         PUBLIC        CCON
  X:01CFH         PUBLIC        cur_y
  C:0A6EH         PUBLIC        Ren
  C:0605H         PUBLIC        start
  C:1FA3H         PUBLIC        gameInterface
  D:0098H         PUBLIC        SCON
  D:0088H         PUBLIC        TCON
  C:1C88H         PUBLIC        _display_BMP
  C:0A05H         PUBLIC        table1
  C:0A0EH         PUBLIC        table2
  C:0A15H         PUBLIC        table3
  X:01D1H         PUBLIC        map
  X:0211H         PUBLIC        dir
  D:00AFH         PUBLIC        IE2
  C:2E48H         PUBLIC        show_hanzi
  C:0A86H         SYMBOL        _?ix1000
  C:0A26H         PUBLIC        mat
  C:0A8BH         SYMBOL        _?ix1001
  C:0A99H         SYMBOL        _?ix1002
  C:0A9EH         SYMBOL        _?ix1003
  C:2F80H         PUBLIC        startInterface
  C:0E11H         PUBLIC        _fun
  C:297FH         PUBLIC        lcd_init
  C:0A1EH         PUBLIC        tmp
  C:2ED9H         PUBLIC        R_right
  X:0221H         PUBLIC        X
  C:304CH         PUBLIC        R_left
  C:1641H         PUBLIC        show_map
  C:303DH         PUBLIC        R_down
  C:0A66H         PUBLIC        Qiang
  C:2FD5H         PUBLIC        init_BMP
  C:0A76H         PUBLIC        Xiang
  D:00D0H         PUBLIC        PSW
  -------         PROC          INIT_BMP
  C:2FD5H         LINE#         149
  C:2FD5H         LINE#         150
  C:2FD5H         LINE#         151
  C:2FDAH         LINE#         152
  C:2FDFH         LINE#         153
  C:2FE4H         LINE#         154
  -------         ENDPROC       INIT_BMP
  C:1C7FH         SYMBOL        L?0115
  -------         PROC          L?0114
  -------         ENDPROC       L?0114
  C:1C7FH         SYMBOL        L?0115
  -------         PROC          _DISPLAY_BMP
  D:0007H         SYMBOL        F
  X:0233H         SYMBOL        name1
  X:0234H         SYMBOL        name2
  X:0235H         SYMBOL        y
  X:0236H         SYMBOL        x
  -------         DO            
  X:0237H         SYMBOL        S
BL51 BANKED LINKER/LOCATER V6.22.2.0                                                  07/02/2022  17:38:10  PAGE 27


  X:0238H         SYMBOL        i
  -------         ENDDO         
  C:1C88H         LINE#         157
  C:1C90H         LINE#         158
  C:1C90H         LINE#         160
  C:1C9BH         LINE#         161
  C:1C9EH         LINE#         162
  C:1CB0H         LINE#         163
  C:1CB0H         LINE#         164
  C:1CC1H         LINE#         165
  C:1CCFH         LINE#         167
  C:1CDEH         LINE#         168
  C:1CEEH         LINE#         169
  C:1CFEH         LINE#         170
  C:1D0EH         LINE#         171
  C:1D21H         LINE#         173
  C:1D30H         LINE#         174
  C:1D40H         LINE#         175
  C:1D50H         LINE#         176
  C:1D60H         LINE#         177
  C:1D73H         LINE#         178
  C:1D7CH         LINE#         179
  -------         ENDPROC       _DISPLAY_BMP
  -------         PROC          SHOW_MAP
  -------         DO            
  X:022EH         SYMBOL        i
  X:022FH         SYMBOL        j
  X:0230H         SYMBOL        x
  X:0231H         SYMBOL        y
  -------         ENDDO         
  C:1641H         LINE#         181
  C:1641H         LINE#         184
  C:1646H         LINE#         185
  C:164BH         LINE#         186
  C:1661H         LINE#         187
  C:1668H         LINE#         188
  C:1680H         LINE#         189
  C:16BAH         LINE#         190
  C:16C6H         LINE#         191
  C:16D5H         LINE#         193
  C:16DBH         LINE#         194
  C:16E0H         LINE#         195
  C:16F6H         LINE#         196
  C:1741H         LINE#         197
  C:1759H         LINE#         198
  C:17A0H         LINE#         199
  C:17AFH         LINE#         200
  C:17BEH         LINE#         202
  C:17C1H         LINE#         203
  C:17CEH         LINE#         204
  C:17DBH         LINE#         205
  -------         ENDPROC       SHOW_MAP
  -------         PROC          SHOW_HANZI
  C:2E48H         LINE#         211
  C:2E48H         LINE#         212
  C:2E4DH         LINE#         213
  C:2E52H         LINE#         214
BL51 BANKED LINKER/LOCATER V6.22.2.0                                                  07/02/2022  17:38:10  PAGE 28


  C:2E57H         LINE#         215
  C:2E5CH         LINE#         216
  C:2E61H         LINE#         217
  C:2E66H         LINE#         218
  C:2E6BH         LINE#         219
  -------         ENDPROC       SHOW_HANZI
  -------         PROC          LCD_INIT
  -------         DO            
  D:0007H         SYMBOL        i
  D:0006H         SYMBOL        j
  -------         ENDDO         
  C:297FH         LINE#         222
  C:297FH         LINE#         225
  C:2982H         LINE#         227
  C:2991H         LINE#         228
  C:299AH         LINE#         230
  C:299CH         LINE#         231
  C:29D8H         LINE#         232
  C:29DDH         LINE#         233
  -------         ENDPROC       LCD_INIT
  -------         PROC          L?0116
  -------         ENDPROC       L?0116
  -------         PROC          _JUDGE
  X:0226H         SYMBOL        x
  X:0228H         SYMBOL        y
  X:022AH         SYMBOL        id
  -------         DO            
  X:022CH         SYMBOL        xx
  X:022EH         SYMBOL        yy
  X:0230H         SYMBOL        xxx
  D:0004H         SYMBOL        yyy
  -------         ENDDO         
  C:17F8H         LINE#         236
  C:180CH         LINE#         238
  C:183FH         LINE#         239
  C:1860H         LINE#         240
  C:189BH         LINE#         241
  C:18D4H         LINE#         242
  C:18DCH         LINE#         243
  C:192CH         LINE#         244
  C:195CH         LINE#         245
  C:1988H         LINE#         246
  C:198AH         LINE#         247
  -------         ENDPROC       _JUDGE
  -------         PROC          L?0117
  -------         ENDPROC       L?0117
  -------         PROC          _UPDATE
  X:0228H         SYMBOL        a
  X:0229H         SYMBOL        b
  -------         DO            
  X:022AH         SYMBOL        i
  X:022BH         SYMBOL        j
  X:022CH         SYMBOL        x
  X:022DH         SYMBOL        y
  -------         ENDDO         
  C:1995H         LINE#         249
  C:199DH         LINE#         252
BL51 BANKED LINKER/LOCATER V6.22.2.0                                                  07/02/2022  17:38:10  PAGE 29


  C:19A2H         LINE#         254
  C:19AFH         LINE#         255
  C:19C1H         LINE#         256
  C:19D2H         LINE#         257
  C:19D9H         LINE#         258
  C:19F1H         LINE#         259
  C:1A31H         LINE#         261
  C:1A34H         LINE#         262
  C:1A34H         LINE#         263
  C:1A48H         LINE#         264
  C:1A5EH         LINE#         265
  C:1AA9H         LINE#         266
  C:1AC1H         LINE#         267
  C:1B08H         LINE#         268
  C:1B08H         LINE#         269
  -------         ENDPROC       _UPDATE
  -------         PROC          _FUN
  X:0226H         SYMBOL        key
  X:0227H         SYMBOL        dirction
  -------         DO            
  D:0006H         SYMBOL        x
  D:0005H         SYMBOL        y
  -------         ENDDO         
  C:0E11H         LINE#         271
  C:0E1BH         LINE#         274
  C:0E22H         LINE#         275
  C:0E81H         LINE#         276
  C:0EB4H         LINE#         277
  C:0EB7H         LINE#         279
  C:0EF3H         LINE#         280
  C:0F2BH         LINE#         281
  C:0F2FH         LINE#         283
  C:0F32H         LINE#         284
  C:0F3DH         LINE#         285
  C:0F9CH         LINE#         286
  C:0FCFH         LINE#         287
  C:0FD2H         LINE#         289
  C:100EH         LINE#         290
  C:1046H         LINE#         291
  C:104DH         LINE#         293
  C:1081H         LINE#         294
  C:109CH         LINE#         295
  C:10A1H         LINE#         296
  C:10A1H         LINE#         297
  -------         ENDPROC       _FUN
  -------         PROC          STARTINTERFACE
  C:2F80H         LINE#         299
  C:2F80H         LINE#         300
  C:2F80H         LINE#         301
  C:2F83H         LINE#         302
  C:2F8AH         LINE#         303
  C:2F8DH         LINE#         304
  C:2F96H         LINE#         305
  -------         ENDPROC       STARTINTERFACE
  -------         PROC          R_UP
  C:2EF8H         LINE#         307
  C:2EF8H         LINE#         308
BL51 BANKED LINKER/LOCATER V6.22.2.0                                                  07/02/2022  17:38:10  PAGE 30


  C:2F11H         LINE#         309
  -------         ENDPROC       R_UP
  -------         PROC          R_DOWN
  C:303DH         LINE#         311
  C:303DH         LINE#         312
  C:3047H         LINE#         313
  -------         ENDPROC       R_DOWN
  -------         PROC          R_LEFT
  C:304CH         LINE#         315
  C:304CH         LINE#         316
  C:3056H         LINE#         317
  -------         ENDPROC       R_LEFT
  -------         PROC          R_RIGHT
  C:2ED9H         LINE#         319
  C:2ED9H         LINE#         320
  C:2EF3H         LINE#         321
  -------         ENDPROC       R_RIGHT
  -------         PROC          GAMEINTERFACE
  -------         DO            
  D:0004H         SYMBOL        i
  D:0005H         SYMBOL        num
  X:0226H         SYMBOL        string
  C:200BH         SYMBOL        WIN
  -------         ENDDO         
  C:1FA3H         LINE#         326
  C:1FA3H         LINE#         327
  C:1FA3H         LINE#         330
  C:1FA6H         LINE#         331
  C:1FA9H         LINE#         332
  C:1FACH         LINE#         333
  C:1FAFH         LINE#         334
  C:1FB2H         LINE#         336
  C:1FB2H         LINE#         337
  C:1FB4H         LINE#         338
  C:1FB5H         LINE#         339
  C:1FF6H         LINE#         340
  C:1FF6H         LINE#         341
  C:1FFBH         LINE#         342
  C:2006H         LINE#         343
  C:2009H         LINE#         345
  C:200BH         LINE#         346
  C:200BH         LINE#         348
  C:2010H         LINE#         349
  C:2015H         LINE#         350
  C:201AH         LINE#         351
  C:201DH         LINE#         352
  C:2041H         LINE#         353
  C:204EH         LINE#         354
  C:2072H         LINE#         355
  C:207FH         LINE#         356
  C:2085H         LINE#         357
  C:2085H         LINE#         358
  C:2088H         LINE#         359
  -------         ENDPROC       GAMEINTERFACE
  -------         PROC          STUDENTINTERFACE
  -------         DO            
  X:0223H         SYMBOL        tab1
BL51 BANKED LINKER/LOCATER V6.22.2.0                                                  07/02/2022  17:38:10  PAGE 31


  X:0228H         SYMBOL        tab2
  X:0236H         SYMBOL        tab3
  X:023BH         SYMBOL        tab4
  -------         ENDDO         
  C:251EH         LINE#         363
  C:251EH         LINE#         364
  C:251EH         LINE#         365
  C:2531H         LINE#         366
  C:2544H         LINE#         367
  C:2557H         LINE#         368
  C:256AH         LINE#         369
  C:256DH         LINE#         370
  C:2579H         LINE#         371
  C:2586H         LINE#         372
  C:2593H         LINE#         373
  -------         ENDPROC       STUDENTINTERFACE
  -------         ENDMOD        INTERFACE

  -------         MODULE        OS_CORE
  C:0000H         SYMBOL        _ICE_DUMMY_
  I:0023H         PUBLIC        OSRdyGrp
  D:0080H         PUBLIC        P0
  D:0090H         PUBLIC        P1
  D:00A0H         PUBLIC        P2
  D:00B0H         PUBLIC        P3
  D:00C0H         PUBLIC        P4
  D:00C8H         PUBLIC        P5
  B:00A8H.7       PUBLIC        EA
  D:00E8H         PUBLIC        P6
  D:00F8H         PUBLIC        P7
  I:0024H         PUBLIC        OSRunning
  I:0025H         PUBLIC        OSLockNesting
  D:00A8H         PUBLIC        IE
  D:00B8H         PUBLIC        IP
  C:0026H         PUBLIC        _?OS_TaskIdle
  I:0026H         PUBLIC        OSTCBList
  X:0000H         PUBLIC        OSTCBTbl
  I:0029H         PUBLIC        OSTCBFreeList
  D:00D8H         PUBLIC        CCON
  I:002CH         PUBLIC        OSTCBCur
  C:1EA3H         PUBLIC        OSUnMapTbl
  I:002FH         PUBLIC        OSIntNesting
  I:0030H         PUBLIC        OSTCBHighRdy
  D:0098H         PUBLIC        SCON
  C:291DH         PUBLIC        _?OSStart
  D:0088H         PUBLIC        TCON
  C:1490H         PUBLIC        _?OSInit
  I:0033H         PUBLIC        OSTCBPrioTbl
  C:215CH         PUBLIC        _?OSTimeTick
  I:0045H         PUBLIC        OSIntExitY
  I:0046H         PUBLIC        OSCtxSwCtr
  I:004AH         PUBLIC        OSIdleCtr
  C:305BH         PUBLIC        _?OSIntEnter
  I:004EH         PUBLIC        OSTaskCtr
  C:1E9BH         PUBLIC        OSMapTbl
  I:004FH         PUBLIC        OSPrioCur
  C:2618H         PUBLIC        _?OS_Sched
BL51 BANKED LINKER/LOCATER V6.22.2.0                                                  07/02/2022  17:38:10  PAGE 32


  C:2776H         PUBLIC        _?OSIntExit
  X:00BBH         PUBLIC        OSTaskIdleStk
  C:10A2H         PUBLIC        _?OS_TCBInit
  I:0050H         PUBLIC        OSPrioHighRdy
  X:00FBH         PUBLIC        OSRdyTbl
  D:00D0H         PUBLIC        PSW
  -------         PROC          _?OSINIT
  -------         DO            
  x:0000H         SYMBOL        i
  x:0002H         SYMBOL        prdytbl
  x:0005H         SYMBOL        ptcb1
  x:0008H         SYMBOL        ptcb2
  -------         ENDDO         
  C:1490H         LINE#         72
  C:1496H         LINE#         85
  C:1499H         LINE#         91
  C:149DH         LINE#         92
  C:14A0H         LINE#         93
  C:14A3H         LINE#         94
  C:14A6H         LINE#         95
  C:14AFH         LINE#         101
  C:14B8H         LINE#         102
  C:14BCH         LINE#         103
  C:14CDH         LINE#         104
  C:14E9H         LINE#         105
  C:14FCH         LINE#         106
  C:150AH         LINE#         108
  C:150EH         LINE#         109
  C:1510H         LINE#         110
  C:1518H         LINE#         111
  C:151DH         LINE#         112
  C:1522H         LINE#         113
  C:153FH         LINE#         114
  C:1550H         LINE#         115
  C:155FH         LINE#         116
  C:156EH         LINE#         117
  C:157DH         LINE#         118
  C:1599H         LINE#         119
  C:15B7H         LINE#         120
  C:15C5H         LINE#         121
  C:15D3H         LINE#         122
  C:15E2H         LINE#         123
  C:15FDH         LINE#         124
  C:1608H         LINE#         189
  C:1638H         LINE#         235
  C:163BH         LINE#         237
  -------         ENDPROC       _?OSINIT
  -------         PROC          _?OSINTENTER
  C:305BH         LINE#         262
  C:305BH         LINE#         269
  C:305DH         LINE#         270
  C:3065H         LINE#         271
  C:3066H         LINE#         272
  C:3066H         LINE#         273
  C:3068H         LINE#         274
  -------         ENDPROC       _?OSINTENTER
  -------         PROC          _?OSINTEXIT
BL51 BANKED LINKER/LOCATER V6.22.2.0                                                  07/02/2022  17:38:10  PAGE 33


  C:2776H         LINE#         295
  C:2776H         LINE#         302
  C:2778H         LINE#         303
  C:2780H         LINE#         304
  C:2781H         LINE#         305
  C:2781H         LINE#         306
  C:278BH         LINE#         307
  C:2795H         LINE#         308
  C:27B3H         LINE#         309
  C:27B8H         LINE#         310
  C:27C9H         LINE#         311
  C:27E0H         LINE#         312
  C:27E3H         LINE#         313
  C:27E3H         LINE#         314
  C:27E3H         LINE#         315
  C:27E5H         LINE#         316
  -------         ENDPROC       _?OSINTEXIT
  -------         PROC          _?OSSTART
  -------         DO            
  x:0000H         SYMBOL        y
  x:0001H         SYMBOL        x
  -------         ENDDO         
  C:291DH         LINE#         412
  C:2923H         LINE#         418
  C:2928H         LINE#         419
  C:2935H         LINE#         420
  C:294DH         LINE#         421
  C:2960H         LINE#         422
  C:2962H         LINE#         423
  C:2971H         LINE#         424
  C:2976H         LINE#         425
  C:2979H         LINE#         426
  C:2979H         LINE#         427
  -------         ENDPROC       _?OSSTART
  -------         PROC          _?OSTIMETICK
  -------         DO            
  x:0000H         SYMBOL        ptcb
  -------         ENDDO         
  C:215CH         LINE#         483
  C:2162H         LINE#         491
  C:2165H         LINE#         497
  C:2173H         LINE#         498
  C:2189H         LINE#         499
  C:218BH         LINE#         500
  C:2195H         LINE#         501
  C:21ACH         LINE#         502
  C:21B5H         LINE#         503
  C:21BFH         LINE#         504
[...]
  B:00A8H.7       PUBLIC        EA
  D:00E8H         PUBLIC        P6
  D:00F8H         PUBLIC        P7
  D:00A8H         PUBLIC        IE
  C:1D7DH         PUBLIC        _?OSTaskCreate
  D:00B8H         PUBLIC        IP
  D:00D8H         PUBLIC        CCON
  D:0098H         PUBLIC        SCON
  D:0088H         PUBLIC        TCON
  D:00D0H         PUBLIC        PSW
  -------         PROC          _?OSTASKCREATE
  x:0004H         SYMBOL        task
  x:0007H         SYMBOL        ppdata
  x:000AH         SYMBOL        ptos
  x:000DH         SYMBOL        prio
  -------         DO            
  x:0000H         SYMBOL        psp
  x:0003H         SYMBOL        err
  -------         ENDDO         
  C:1D7DH         LINE#         156
  C:1D8CH         LINE#         170
  C:1D8EH         LINE#         171
  C:1DA8H         LINE#         172
  C:1DB7H         LINE#         174
  C:1DB9H         LINE#         175
  C:1DFCH         LINE#         176
  C:1E51H         LINE#         177
  C:1E5AH         LINE#         178
  C:1E5CH         LINE#         179
  C:1E5FH         LINE#         180
  C:1E61H         LINE#         181
  C:1E67H         LINE#         182
  C:1E6AH         LINE#         183
BL51 BANKED LINKER/LOCATER V6.22.2.0                                                  07/02/2022  17:38:10  PAGE 39


  C:1E6AH         LINE#         184
  C:1E6CH         LINE#         185
  C:1E6EH         LINE#         186
  C:1E85H         LINE#         187
  C:1E87H         LINE#         188
  C:1E87H         LINE#         189
  C:1E91H         LINE#         190
  C:1E91H         LINE#         191
  C:1E93H         LINE#         192
  C:1E95H         LINE#         193
  -------         ENDPROC       _?OSTASKCREATE
  -------         ENDMOD        OS_TASK

  -------         MODULE        OS_TIME
  C:0000H         SYMBOL        _ICE_DUMMY_
  D:0080H         PUBLIC        P0
  D:0090H         PUBLIC        P1
  D:00A0H         PUBLIC        P2
  D:00B0H         PUBLIC        P3
  D:00C0H         PUBLIC        P4
  D:00C8H         PUBLIC        P5
  B:00A8H.7       PUBLIC        EA
  D:00E8H         PUBLIC        P6
  D:00F8H         PUBLIC        P7
  D:00A8H         PUBLIC        IE
  D:00B8H         PUBLIC        IP
  D:00D8H         PUBLIC        CCON
  D:0098H         PUBLIC        SCON
  D:0088H         PUBLIC        TCON
  C:2702H         PUBLIC        _?OSTimeDly
  D:00D0H         PUBLIC        PSW
  -------         PROC          _?OSTIMEDLY
  x:0000H         SYMBOL        ticks
  C:2702H         LINE#         35
  C:270DH         LINE#         42
  C:2720H         LINE#         43
  C:2722H         LINE#         44
  C:2752H         LINE#         45
  C:275DH         LINE#         46
  C:275DH         LINE#         47
  C:276BH         LINE#         48
  C:276DH         LINE#         49
  C:2770H         LINE#         50
  C:2770H         LINE#         51
  -------         ENDPROC       _?OSTIMEDLY
  -------         ENDMOD        OS_TIME

  -------         MODULE        OS_CPU_A
  C:2B4AH         SEGMENT       ?PR?OSSTARTHIGHRDY?OS_CPU_A
  C:2855H         SEGMENT       ?PR?OSCTXSW?OS_CPU_A
  C:3069H         SEGMENT       ?PR?OSINTCTXSW?OS_CPU_A
  C:2AF2H         SEGMENT       ?PR?OSTICKISR?OS_CPU_A
  C:2B9CH         SEGMENT       ?PR?_?SERIAL?OS_CPU_A
  I:0051H         SEGMENT       ?STACK
  C:2855H         PUBLIC        OSCTXSW
  C:3069H         PUBLIC        OSINTCTXSW
  C:2B4AH         PUBLIC        OSSTARTHIGHRDY
BL51 BANKED LINKER/LOCATER V6.22.2.0                                                  07/02/2022  17:38:10  PAGE 40


  C:2AF2H         PUBLIC        OSTICKISR
  C:2B9CH         PUBLIC        SERIALISR
  D:00E0H         SYMBOL        ACC
  D:00F0H         SYMBOL        B
  D:0083H         SYMBOL        DPH
  D:0082H         SYMBOL        DPL
  B:00A8H.7       SYMBOL        EA
  C:2B4DH         SYMBOL        OSCTXSW_IN
  C:2877H         SYMBOL        OSINTCTXSW_IN
  I:0052H         SYMBOL        OSSTACK
  I:0051H         SYMBOL        OSSTKSTART
  N:0000H         SYMBOL        OS_CPU_A
  D:00D0H         SYMBOL        PSW
  C:2B63H         SYMBOL        RESTORE_STACK
  C:2893H         SYMBOL        SAVE_STACK
  D:0081H         SYMBOL        SP
  D:008CH         SYMBOL        TH0
  D:008AH         SYMBOL        TL0
  B:0088H.4       SYMBOL        TR0
  C:2B4AH         LINE#         129
  C:2B4DH         LINE#         134
  C:2B4FH         LINE#         135
  C:2B50H         LINE#         136
  C:2B52H         LINE#         137
  C:2B53H         LINE#         138
  C:2B55H         LINE#         141
  C:2B56H         LINE#         142
  C:2B57H         LINE#         143
  C:2B58H         LINE#         144
  C:2B59H         LINE#         145
  C:2B5AH         LINE#         146
  C:2B5BH         LINE#         147
  C:2B5DH         LINE#         148
  C:2B5FH         LINE#         151
  C:2B60H         LINE#         152
  C:2B61H         LINE#         155
  C:2B63H         LINE#         158
  C:2B64H         LINE#         159
  C:2B65H         LINE#         160
  C:2B66H         LINE#         161
  C:2B67H         LINE#         162
  C:2B69H         LINE#         165
  C:2B6BH         LINE#         168
  C:2B6CH         LINE#         169
  C:2B6DH         LINE#         170
  C:2B6FH         LINE#         171
  C:2B70H         LINE#         172
  C:2B71H         LINE#         173
  C:2B73H         LINE#         176
  C:2B75H         LINE#         177
  C:2B77H         LINE#         179
  C:2B79H         LINE#         179
  C:2B7AH         LINE#         179
  C:2B7CH         LINE#         179
  C:2B7DH         LINE#         179
  C:2B7FH         LINE#         179
  C:2B80H         LINE#         179
BL51 BANKED LINKER/LOCATER V6.22.2.0                                                  07/02/2022  17:38:10  PAGE 41


  C:2B82H         LINE#         179
  C:2B83H         LINE#         179
  C:2B85H         LINE#         179
  C:2B86H         LINE#         179
  C:2B88H         LINE#         179
  C:2B89H         LINE#         179
  C:2B8BH         LINE#         179
  C:2B8CH         LINE#         179
  C:2B8EH         LINE#         179
  C:2B8FH         LINE#         179
  C:2B91H         LINE#         179
  C:2B93H         LINE#         179
  C:2B95H         LINE#         179
  C:2B97H         LINE#         179
  C:2B99H         LINE#         180
  C:2B9BH         LINE#         181
  C:2855H         LINE#         187
  C:2857H         LINE#         187
  C:2859H         LINE#         187
  C:285BH         LINE#         187
  C:285DH         LINE#         187
  C:285FH         LINE#         187
  C:2860H         LINE#         187
  C:2862H         LINE#         187
  C:2863H         LINE#         187
  C:2865H         LINE#         187
  C:2866H         LINE#         187
  C:2868H         LINE#         187
  C:2869H         LINE#         187
  C:286BH         LINE#         187
  C:286CH         LINE#         187
  C:286EH         LINE#         187
  C:286FH         LINE#         187
  C:2871H         LINE#         187
  C:2872H         LINE#         187
  C:2874H         LINE#         187
  C:2875H         LINE#         187
  C:2877H         LINE#         192
  C:2879H         LINE#         193
  C:287AH         LINE#         194
  C:287CH         LINE#         195
  C:287DH         LINE#         198
  C:287FH         LINE#         199
  C:2880H         LINE#         200
  C:2882H         LINE#         201
  C:2883H         LINE#         202
  C:2885H         LINE#         205
  C:2886H         LINE#         206
  C:2887H         LINE#         207
  C:2888H         LINE#         208
  C:2889H         LINE#         209
  C:288AH         LINE#         210
  C:288BH         LINE#         211
  C:288DH         LINE#         212
  C:288FH         LINE#         215
  C:2890H         LINE#         216
  C:2891H         LINE#         218
BL51 BANKED LINKER/LOCATER V6.22.2.0                                                  07/02/2022  17:38:10  PAGE 42


  C:2893H         LINE#         220
  C:2894H         LINE#         221
  C:2895H         LINE#         222
  C:2896H         LINE#         223
  C:2897H         LINE#         224
  C:2899H         LINE#         227
  C:289AH         LINE#         228
  C:289CH         LINE#         229
  C:289DH         LINE#         230
  C:289EH         LINE#         231
  C:28A0H         LINE#         232
  C:28A1H         LINE#         234
  C:28A4H         LINE#         237
  C:28A6H         LINE#         238
  C:28A8H         LINE#         239
  C:28A9H         LINE#         240
  C:28AAH         LINE#         241
  C:28ABH         LINE#         242
  C:28ACH         LINE#         243
  C:28ADH         LINE#         244
  C:28AEH         LINE#         245
  C:28AFH         LINE#         246
  C:28B0H         LINE#         247
  C:28B1H         LINE#         248
  C:28B2H         LINE#         251
  C:28B4H         LINE#         252
  C:28B6H         LINE#         253
  C:28B7H         LINE#         254
  C:28B8H         LINE#         256
  C:3069H         LINE#         265
  C:306BH         LINE#         266
  C:306CH         LINE#         267
  C:306EH         LINE#         268
  C:3070H         LINE#         270
  C:000BH         LINE#         274
  C:2AF2H         LINE#         279
  C:2AF4H         LINE#         279
  C:2AF6H         LINE#         279
  C:2AF8H         LINE#         279
  C:2AFAH         LINE#         279
  C:2AFCH         LINE#         279
  C:2AFDH         LINE#         279
  C:2AFFH         LINE#         279
  C:2B00H         LINE#         279
  C:2B02H         LINE#         279
  C:2B03H         LINE#         279
  C:2B05H         LINE#         279
  C:2B06H         LINE#         279
  C:2B08H         LINE#         279
  C:2B09H         LINE#         279
  C:2B0BH         LINE#         279
  C:2B0CH         LINE#         279
  C:2B0EH         LINE#         279
  C:2B0FH         LINE#         279
  C:2B11H         LINE#         279
  C:2B12H         LINE#         279
  C:2B14H         LINE#         281
BL51 BANKED LINKER/LOCATER V6.22.2.0                                                  07/02/2022  17:38:10  PAGE 43


  C:2B16H         LINE#         282
  C:2B19H         LINE#         283
  C:2B1CH         LINE#         284
  C:2B1EH         LINE#         286
  C:2B21H         LINE#         287
  C:2B24H         LINE#         288
  C:2B27H         LINE#         290
  C:2B29H         LINE#         290
  C:2B2AH         LINE#         290
  C:2B2CH         LINE#         290
  C:2B2DH         LINE#         290
  C:2B2FH         LINE#         290
  C:2B30H         LINE#         290
  C:2B32H         LINE#         290
  C:2B33H         LINE#         290
  C:2B35H         LINE#         290
  C:2B36H         LINE#         290
  C:2B38H         LINE#         290
  C:2B39H         LINE#         290
  C:2B3BH         LINE#         290
  C:2B3CH         LINE#         290
  C:2B3EH         LINE#         290
  C:2B3FH         LINE#         290
  C:2B41H         LINE#         290
  C:2B43H         LINE#         290
  C:2B45H         LINE#         290
  C:2B47H         LINE#         290
  C:2B49H         LINE#         291
  C:0023H         LINE#         295
  C:2B9CH         LINE#         301
  C:2B9EH         LINE#         302
  C:2BA0H         LINE#         302
  C:2BA2H         LINE#         302
  C:2BA4H         LINE#         302
  C:2BA6H         LINE#         302
  C:2BA8H         LINE#         302
  C:2BA9H         LINE#         302
  C:2BABH         LINE#         302
  C:2BACH         LINE#         302
  C:2BAEH         LINE#         302
  C:2BAFH         LINE#         302
  C:2BB1H         LINE#         302
  C:2BB2H         LINE#         302
  C:2BB4H         LINE#         302
  C:2BB5H         LINE#         302
  C:2BB7H         LINE#         302
  C:2BB8H         LINE#         302
  C:2BBAH         LINE#         302
  C:2BBBH         LINE#         302
  C:2BBDH         LINE#         302
  C:2BBEH         LINE#         302
  C:2BC0H         LINE#         303
  C:2BC3H         LINE#         304
  C:2BC6H         LINE#         305
  C:2BC9H         LINE#         306
  C:2BCBH         LINE#         306
  C:2BCCH         LINE#         306
BL51 BANKED LINKER/LOCATER V6.22.2.0                                                  07/02/2022  17:38:10  PAGE 44


  C:2BCEH         LINE#         306
  C:2BCFH         LINE#         306
  C:2BD1H         LINE#         306
  C:2BD2H         LINE#         306
  C:2BD4H         LINE#         306
  C:2BD5H         LINE#         306
  C:2BD7H         LINE#         306
  C:2BD8H         LINE#         306
  C:2BDAH         LINE#         306
  C:2BDBH         LINE#         306
  C:2BDDH         LINE#         306
  C:2BDEH         LINE#         306
  C:2BE0H         LINE#         306
  C:2BE1H         LINE#         306
  C:2BE3H         LINE#         306
  C:2BE5H         LINE#         306
  C:2BE7H         LINE#         306
  C:2BE9H         LINE#         306
  C:2BEBH         LINE#         307
  C:2BEDH         LINE#         308
  -------         ENDMOD        OS_CPU_A

  -------         MODULE        ?C?COPY
  C:0136H         PUBLIC        ?C?COPY
  -------         ENDMOD        ?C?COPY

  -------         MODULE        ?C?CLDPTR
  C:015CH         PUBLIC        ?C?CLDPTR
  -------         ENDMOD        ?C?CLDPTR

  -------         MODULE        ?C?CLDOPTR
  C:0175H         PUBLIC        ?C?CLDOPTR
  -------         ENDMOD        ?C?CLDOPTR

  -------         MODULE        ?C?CSTPTR
  C:01A2H         PUBLIC        ?C?CSTPTR
  -------         ENDMOD        ?C?CSTPTR

  -------         MODULE        ?C?CSTOPTR
  C:01B4H         PUBLIC        ?C?CSTOPTR
  -------         ENDMOD        ?C?CSTOPTR

  -------         MODULE        ?C?IILDX
  C:01D6H         PUBLIC        ?C?IILDX
  -------         ENDMOD        ?C?IILDX

  -------         MODULE        ?C?ILDIX
  C:01ECH         PUBLIC        ?C?ILDIX
  -------         ENDMOD        ?C?ILDIX

  -------         MODULE        ?C?ILDOPTR
  C:0202H         PUBLIC        ?C?ILDOPTR
  -------         ENDMOD        ?C?ILDOPTR

  -------         MODULE        ?C?IILDOPTR
  C:023AH         PUBLIC        ?C?IILDOPTR
  -------         ENDMOD        ?C?IILDOPTR
BL51 BANKED LINKER/LOCATER V6.22.2.0                                                  07/02/2022  17:38:10  PAGE 45



  -------         MODULE        ?C?ISTOPTR
  C:0287H         PUBLIC        ?C?ISTOPTR
  -------         ENDMOD        ?C?ISTOPTR

  -------         MODULE        ?C?LMUL
  C:02B4H         PUBLIC        ?C?LMUL
  -------         ENDMOD        ?C?LMUL

  -------         MODULE        ?C?ULDIV
  C:033FH         PUBLIC        ?C?ULDIV
  -------         ENDMOD        ?C?ULDIV

  -------         MODULE        ?C?ULSHR
  C:03D1H         PUBLIC        ?C?ULSHR
  -------         ENDMOD        ?C?ULSHR

  -------         MODULE        ?C?LLDIDATA
  C:03E4H         PUBLIC        ?C?LLDIDATA
  -------         ENDMOD        ?C?LLDIDATA

  -------         MODULE        ?C?LLDXDATA
  C:03F0H         PUBLIC        ?C?LLDXDATA
  -------         ENDMOD        ?C?LLDXDATA

  -------         MODULE        ?C?LLDXDATA0
  C:03FCH         PUBLIC        ?C?LLDXDATA0
  -------         ENDMOD        ?C?LLDXDATA0

  -------         MODULE        ?C?LSTIDATA
  C:0408H         PUBLIC        ?C?LSTIDATA
  -------         ENDMOD        ?C?LSTIDATA

  -------         MODULE        ?C?LSTXDATA
  C:0414H         PUBLIC        ?C?LSTXDATA
  -------         ENDMOD        ?C?LSTXDATA

  -------         MODULE        ?C?LSTKIDATA
  C:0420H         PUBLIC        ?C?LSTKIDATA
  -------         ENDMOD        ?C?LSTKIDATA

  -------         MODULE        ?C?LSTKXDATA
  C:0439H         PUBLIC        ?C?LSTKXDATA
  -------         ENDMOD        ?C?LSTKXDATA

  -------         MODULE        ?C?PLDIDATA
  C:046AH         PUBLIC        ?C?PLDIDATA
  -------         ENDMOD        ?C?PLDIDATA

  -------         MODULE        ?C?PSTIDATA
  C:0473H         PUBLIC        ?C?PSTIDATA
  -------         ENDMOD        ?C?PSTIDATA

  -------         MODULE        ?C?PLDXDATA
  C:047CH         PUBLIC        ?C?PLDXDATA
  -------         ENDMOD        ?C?PLDXDATA

BL51 BANKED LINKER/LOCATER V6.22.2.0                                                  07/02/2022  17:38:10  PAGE 46


  -------         MODULE        ?C?PLDIXDATA
  C:0485H         PUBLIC        ?C?PLDIXDATA
  -------         ENDMOD        ?C?PLDIXDATA

  -------         MODULE        ?C?PSTXDATA
  C:049CH         PUBLIC        ?C?PSTXDATA
  -------         ENDMOD        ?C?PSTXDATA

  -------         MODULE        ?C?PSTPTR
  C:04A5H         PUBLIC        ?C?PSTPTR
  -------         ENDMOD        ?C?PSTPTR

  -------         MODULE        ?C?PLDOPTR
  C:04F4H         PUBLIC        ?C?PLDOPTR
  -------         ENDMOD        ?C?PLDOPTR

  -------         MODULE        ?C?PSTOPTR
  C:0524H         PUBLIC        ?C?PSTOPTR
  -------         ENDMOD        ?C?PSTOPTR

  -------         MODULE        ?C?CCASE
  C:057DH         PUBLIC        ?C?CCASE
  -------         ENDMOD        ?C?CCASE

  -------         MODULE        ?C_XBP
  D:0012H         PUBLIC        ?C_XBP
  -------         ENDMOD        ?C_XBP

  -------         MODULE        ?C?ADDXBP
  C:05A3H         PUBLIC        ?C?ADDXBP
  -------         ENDMOD        ?C?ADDXBP

  -------         MODULE        ?C?XBPOFF
  C:05C7H         PUBLIC        ?C?XBPOFF
  -------         ENDMOD        ?C?XBPOFF

  -------         MODULE        PRINTF
  X:025EH         PUBLIC        ?_PRINTF517?BYTE
  X:025EH         PUBLIC        ?_PRINTF?BYTE
  X:025EH         PUBLIC        ?_SPRINTF517?BYTE
  X:025EH         PUBLIC        ?_SPRINTF?BYTE
  C:0B17H         PUBLIC        _PRINTF
  C:0B17H         PUBLIC        _PRINTF517
  C:0B11H         PUBLIC        _SPRINTF
  C:0B11H         PUBLIC        _SPRINTF517
  -------         ENDMOD        PRINTF

  -------         MODULE        ?C?PLDPDATA
  C:05D4H         PUBLIC        ?C?PLDPDATA
  -------         ENDMOD        ?C?PLDPDATA

  -------         MODULE        ?C?PSTPDATA
  C:05DDH         PUBLIC        ?C?PSTPDATA
  -------         ENDMOD        ?C?PSTPDATA

  -------         MODULE        ?C?PLDCODE
  C:05E6H         PUBLIC        ?C?PLDCODE
BL51 BANKED LINKER/LOCATER V6.22.2.0                                                  07/02/2022  17:38:10  PAGE 47


  -------         ENDMOD        ?C?PLDCODE

  -------         MODULE        PUTCHAR
  C:2E70H         PUBLIC        _PUTCHAR
  -------         ENDMOD        PUTCHAR

*** WARNING L13: RECURSIVE CALL TO SEGMENT
    SEGMENT: ?PR?KEYDRIVER?KEYBOARD
    CALLER:  ?PR?GAMEINTERFACE?INTERFACE

*** WARNING L16: UNCALLED SEGMENT, IGNORED FOR OVERLAY PROCESS
    SEGMENT: ?PR?STETIME?KEYACTION

*** WARNING L15: MULTIPLE CALL TO SEGMENT
    SEGMENT: ?PR?PRINTF?PRINTF
    CALLER1: ?C_C51STARTUP
    CALLER2: ?PR?TIMERCOUNTER_2?TIMEN

*** WARNING L15: MULTIPLE CALL TO SEGMENT
    SEGMENT: ?PR?_LCD12864SHOWSTRING?LCD12864
    CALLER1: ?C_C51STARTUP
    CALLER2: ?PR?TIMERCOUNTER_2?TIMEN

*** WARNING L1: UNRESOLVED EXTERNAL SYMBOL
    SYMBOL:  _?SERIAL
    MODULE:  .\OutPut\OS_CPU_A.obj (OS_CPU_A)

*** WARNING L2: REFERENCE MADE TO UNRESOLVED EXTERNAL
    SYMBOL:  _?SERIAL
    MODULE:  .\OutPut\OS_CPU_A.obj (OS_CPU_A)
    ADDRESS: 2BC4H

Program Size: data=117.2 xdata=756 code=12445
LINK/LOCATE RUN COMPLETE.  6 WARNING(S),  0 ERROR(S)
